ios.probe.mount surface=srf:1 revision=0 operations=138 mode=0
ios.probe.mount.op=CreateHost node=node:1
ios.probe.mount.op=SetHostProp node=node:1 name=backgroundColor
ios.probe.mount.op=SetHostLayout node=node:1 rect=<0.0,0.0,390.0,844.0>
ios.probe.mount.op=CreateHost node=node:2
ios.probe.mount.op=SetHostProp node=node:2 name=text
ios.probe.mount.op=SetHostProp node=node:2 name=color
ios.probe.mount.op=SetHostProp node=node:2 name=fontSize
ios.probe.mount.op=SetHostLayout node=node:2 rect=<16.0,17.0,358.0,30.0>
ios.probe.mount.op=CreateHost node=node:3
ios.probe.mount.op=SetHostProp node=node:3 name=text
ios.probe.mount.op=SetHostProp node=node:3 name=color
ios.probe.mount.op=SetHostProp node=node:3 name=fontSize
ios.probe.mount.op=SetHostLayout node=node:3 rect=<16.0,53.0,358.0,15.0>
ios.probe.mount.op=CreateHost node=node:4
ios.probe.mount.op=SetHostProp node=node:4 name=backgroundColor
ios.probe.mount.op=SetHostLayout node=node:4 rect=<14.0,78.0,276.0,410.0>
ios.probe.mount.op=CreateHost node=node:5
ios.probe.mount.op=SetHostLayout node=node:5 rect=<8.0,4.0,260.0,620.0>
ios.probe.mount.op=CreateHost node=node:6
ios.probe.mount.op=SetHostProp node=node:6 name=backgroundColor
ios.probe.mount.op=SetHostProp node=node:6 name=borderRadius
ios.probe.mount.op=SetHostLayout node=node:6 rect=<4.0,4.0,250.0,72.0>
ios.probe.mount.op=CreateHost node=node:7
ios.probe.mount.op=SetHostProp node=node:7 name=src
ios.probe.mount.op=SetHostLayout node=node:7 rect=<9.0,20.0,32.0,32.0>
ios.probe.mount.op=CreateHost node=node:8
ios.probe.mount.op=SetHostProp node=node:8 name=text
ios.probe.mount.op=SetHostProp node=node:8 name=color
ios.probe.mount.op=SetHostProp node=node:8 name=fontSize
ios.probe.mount.op=SetHostLayout node=node:8 rect=<49.0,27.0,32.0,18.0>
ios.probe.mount.op=CreateHost node=node:9
ios.probe.mount.op=SetHostProp node=node:9 name=text
ios.probe.mount.op=SetHostProp node=node:9 name=color
ios.probe.mount.op=SetHostProp node=node:9 name=fontSize
ios.probe.mount.op=SetHostLayout node=node:9 rect=<85.0,28.0,21.0,15.0>
ios.probe.mount.op=CreateHost node=node:10
ios.probe.mount.op=SetHostProp node=node:10 name=enabled
ios.probe.mount.op=SetHostProp node=node:10 name=text
ios.probe.mount.op=SetHostProp node=node:10 name=backgroundColor
ios.probe.mount.op=SetHostProp node=node:10 name=borderRadius
ios.probe.mount.op=SetHostProp node=node:10 name=color
ios.probe.mount.op=SetHostLayout node=node:10 rect=<114.0,23.0,48.0,26.0>
ios.probe.mount.op=CreateHost node=node:11
ios.probe.mount.op=SetHostProp node=node:11 name=backgroundColor
ios.probe.mount.op=SetHostProp node=node:11 name=borderRadius
ios.probe.mount.op=SetHostLayout node=node:11 rect=<4.0,84.0,250.0,72.0>
ios.probe.mount.op=CreateHost node=node:12
ios.probe.mount.op=SetHostProp node=node:12 name=src
ios.probe.mount.op=SetHostLayout node=node:12 rect=<9.0,20.0,32.0,32.0>
ios.probe.mount.op=CreateHost node=node:13
ios.probe.mount.op=SetHostProp node=node:13 name=text
ios.probe.mount.op=SetHostProp node=node:13 name=color
ios.probe.mount.op=SetHostProp node=node:13 name=fontSize
ios.probe.mount.op=SetHostLayout node=node:13 rect=<49.0,27.0,32.0,18.0>
ios.probe.mount.op=CreateHost node=node:14
ios.probe.mount.op=SetHostProp node=node:14 name=text
ios.probe.mount.op=SetHostProp node=node:14 name=color
ios.probe.mount.op=SetHostProp node=node:14 name=fontSize
ios.probe.mount.op=SetHostLayout node=node:14 rect=<85.0,28.0,21.0,15.0>
ios.probe.mount.op=CreateHost node=node:15
ios.probe.mount.op=SetHostProp node=node:15 name=enabled
ios.probe.mount.op=SetHostProp node=node:15 name=text
ios.probe.mount.op=SetHostProp node=node:15 name=backgroundColor
ios.probe.mount.op=SetHostProp node=node:15 name=borderRadius
ios.probe.mount.op=SetHostProp node=node:15 name=color
ios.probe.mount.op=SetHostLayout node=node:15 rect=<114.0,23.0,48.0,26.0>
ios.probe.mount.op=CreateHost node=node:16
ios.probe.mount.op=SetHostProp node=node:16 name=backgroundColor
ios.probe.mount.op=SetHostProp node=node:16 name=borderRadius
ios.probe.mount.op=SetHostLayout node=node:16 rect=<4.0,164.0,250.0,72.0>
ios.probe.mount.op=CreateHost node=node:17
ios.probe.mount.op=SetHostProp node=node:17 name=src
ios.probe.mount.op=SetHostLayout node=node:17 rect=<9.0,20.0,32.0,32.0>
ios.probe.mount.op=CreateHost node=node:18
ios.probe.mount.op=SetHostProp node=node:18 name=text
ios.probe.mount.op=SetHostProp node=node:18 name=color
ios.probe.mount.op=SetHostProp node=node:18 name=fontSize
ios.probe.mount.op=SetHostLayout node=node:18 rect=<49.0,27.0,32.0,18.0>
ios.probe.mount.op=CreateHost node=node:19
ios.probe.mount.op=SetHostProp node=node:19 name=text
ios.probe.mount.op=SetHostProp node=node:19 name=color
ios.probe.mount.op=SetHostProp node=node:19 name=fontSize
ios.probe.mount.op=SetHostLayout node=node:19 rect=<85.0,28.0,21.0,15.0>
ios.probe.mount.op=CreateHost node=node:20
ios.probe.mount.op=SetHostProp node=node:20 name=enabled
ios.probe.mount.op=SetHostProp node=node:20 name=text
ios.probe.mount.op=SetHostProp node=node:20 name=backgroundColor
ios.probe.mount.op=SetHostProp node=node:20 name=borderRadius
ios.probe.mount.op=SetHostProp node=node:20 name=color
ios.probe.mount.op=SetHostLayout node=node:20 rect=<114.0,23.0,48.0,26.0>
ios.probe.mount.op=CreateHost node=node:21
ios.probe.mount.op=SetHostProp node=node:21 name=backgroundColor
ios.probe.mount.op=SetHostProp node=node:21 name=borderRadius
ios.probe.mount.op=SetHostLayout node=node:21 rect=<4.0,244.0,250.0,72.0>
ios.probe.mount.op=CreateHost node=node:22
ios.probe.mount.op=SetHostProp node=node:22 name=src
ios.probe.mount.op=SetHostLayout node=node:22 rect=<9.0,20.0,32.0,32.0>
ios.probe.mount.op=CreateHost node=node:23
ios.probe.mount.op=SetHostProp node=node:23 name=text
ios.probe.mount.op=SetHostProp node=node:23 name=color
ios.probe.mount.op=SetHostProp node=node:23 name=fontSize
ios.probe.mount.op=SetHostLayout node=node:23 rect=<49.0,27.0,32.0,18.0>
ios.probe.mount.op=CreateHost node=node:24
ios.probe.mount.op=SetHostProp node=node:24 name=text
ios.probe.mount.op=SetHostProp node=node:24 name=color
ios.probe.mount.op=SetHostProp node=node:24 name=fontSize
ios.probe.mount.op=SetHostLayout node=node:24 rect=<85.0,28.0,21.0,15.0>
ios.probe.mount.op=CreateHost node=node:25
ios.probe.mount.op=SetHostProp node=node:25 name=enabled
ios.probe.mount.op=SetHostProp node=node:25 name=text
ios.probe.mount.op=SetHostProp node=node:25 name=backgroundColor
ios.probe.mount.op=SetHostProp node=node:25 name=borderRadius
ios.probe.mount.op=SetHostProp node=node:25 name=color
ios.probe.mount.op=SetHostLayout node=node:25 rect=<114.0,23.0,48.0,26.0>
ios.probe.mount.op=InsertHostChild node=node:2 parent=node:1
ios.probe.mount.op=InsertHostChild node=node:3 parent=node:1
ios.probe.mount.op=InsertHostChild node=node:4 parent=node:1
ios.probe.mount.op=InsertHostChild node=node:5 parent=node:4
ios.probe.mount.op=InsertHostChild node=node:6 parent=node:5
ios.probe.mount.op=InsertHostChild node=node:11 parent=node:5
ios.probe.mount.op=InsertHostChild node=node:16 parent=node:5
ios.probe.mount.op=InsertHostChild node=node:21 parent=node:5
ios.probe.mount.op=InsertHostChild node=node:7 parent=node:6
ios.probe.mount.op=InsertHostChild node=node:8 parent=node:6
ios.probe.mount.op=InsertHostChild node=node:9 parent=node:6
ios.probe.mount.op=InsertHostChild node=node:10 parent=node:6
ios.probe.mount.op=InsertHostChild node=node:12 parent=node:11
ios.probe.mount.op=InsertHostChild node=node:13 parent=node:11
ios.probe.mount.op=InsertHostChild node=node:14 parent=node:11
ios.probe.mount.op=InsertHostChild node=node:15 parent=node:11
ios.probe.mount.op=InsertHostChild node=node:17 parent=node:16
ios.probe.mount.op=InsertHostChild node=node:18 parent=node:16
ios.probe.mount.op=InsertHostChild node=node:19 parent=node:16
ios.probe.mount.op=InsertHostChild node=node:20 parent=node:16
ios.probe.mount.op=InsertHostChild node=node:22 parent=node:21
ios.probe.mount.op=InsertHostChild node=node:23 parent=node:21
ios.probe.mount.op=InsertHostChild node=node:24 parent=node:21
ios.probe.mount.op=InsertHostChild node=node:25 parent=node:21
ios.probe.first surfaces=1 nodes=25 handlers=8 jsResources=3
ios.probe.mount surface=srf:1 revision=1 operations=6 mode=1
ios.probe.mount.op=CreateHost node=node:26
ios.probe.mount.op=SetHostProp node=node:26 name=text
ios.probe.mount.op=SetHostProp node=node:26 name=color
ios.probe.mount.op=SetHostProp node=node:26 name=fontSize
ios.probe.mount.op=SetHostLayout node=node:26 rect=<16.0,494.0,358.0,15.0>
ios.probe.mount.op=InsertHostChild node=node:26 parent=node:1
ios.probe.after_event type=scrollbottom surfaces=1 nodes=26 handlers=8 jsResources=3
ios.probe.runtime.stopped surfaces=0 nodes=0 handlers=0 pendingCallbacks=0 jsResources=0 coreQueue=0
