Timestamp               Ty Process[PID:TID]
2026-08-25 15:07:18.303 Df quickapp_ios_simulator[40499:de343f] (libMobileGestalt.dylib) No persisted cache on this platform.
2026-08-25 15:07:18.304 Df quickapp_ios_simulator[40499:de3444] [com.apple.xpc:connection] [0x1063bb580] activating connection: mach=true listener=false peer=false name=com.apple.cfprefsd.daemon
2026-08-25 15:07:18.304 Df quickapp_ios_simulator[40499:de3445] [com.apple.BoardServices:XPCErrors] [C:1] Alloc com.apple.frontboard.systemappservices
2026-08-25 15:07:18.304 Df quickapp_ios_simulator[40499:de3445] [com.apple.xpc:connection] [0x1063bf0a0] activating connection: mach=false listener=false peer=false name=(anonymous)
2026-08-25 15:07:18.305 A  quickapp_ios_simulator[40499:de3444] (CoreFoundation) Loading Preferences From User Session CFPrefsD
2026-08-25 15:07:18.309 Df quickapp_ios_simulator[40499:de343f] [com.apple.UIKit:Application] Deactivation reason added: 10; deactivation reasons: 0 -> 1024; animating application lifecycle event: 0
2026-08-25 15:07:18.309 Df quickapp_ios_simulator[40499:de343f] [com.apple.runningboard:connection] Initializing connection
2026-08-25 15:07:18.309 Df quickapp_ios_simulator[40499:de343f] [com.apple.runningboard:process] Removing all cached process handles
2026-08-25 15:07:18.309 Df quickapp_ios_simulator[40499:de3444] [com.apple.runningboard:connection] Sending handshake request attempt #1 to server
2026-08-25 15:07:18.309 Df quickapp_ios_simulator[40499:de343f] [com.apple.BoardServices:Injection] activating monitor for service com.apple.frontboard.open
2026-08-25 15:07:18.309 Df quickapp_ios_simulator[40499:de3443] [com.apple.UIKit:BackgroundTask] Creating new assertion because there is no existing background assertion.
2026-08-25 15:07:18.309 Df quickapp_ios_simulator[40499:de3443] [com.apple.UIKit:BackgroundTask] Creating new background assertion
2026-08-25 15:07:18.309 Df quickapp_ios_simulator[40499:de3444] [com.apple.runningboard:connection] Creating connection to com.apple.runningboard
2026-08-25 15:07:18.309 Df quickapp_ios_simulator[40499:de3443] [com.apple.UIKit:BackgroundTask] Created new background assertion <BKSProcessAssertion: 0x1063bd240>
2026-08-25 15:07:18.309 Df quickapp_ios_simulator[40499:de3444] [com.apple.xpc:connection] [0x106928280] activating connection: mach=true listener=false peer=false name=com.apple.runningboard
2026-08-25 15:07:18.309 Df quickapp_ios_simulator[40499:de343f] [com.apple.BoardServices:Injection] activating monitor for service com.apple.frontboard.workspace-service
2026-08-25 15:07:18.310 A  quickapp_ios_simulator[40499:de3445] (RunningBoardServices) didChangeInheritances
2026-08-25 15:07:18.310 Df quickapp_ios_simulator[40499:de343f] [com.apple.FrontBoard:Common] FBSWorkspace registering source: com.apple.frontboard.systemappservices
2026-08-25 15:07:18.310 Df quickapp_ios_simulator[40499:de3444] [com.apple.runningboard:connection] Handshake succeeded
2026-08-25 15:07:18.310 Df quickapp_ios_simulator[40499:de3444] [com.apple.runningboard:connection] Identity resolved as app<dev.quickappkit.ios.simulator((null))>
2026-08-25 15:07:18.310 Df quickapp_ios_simulator[40499:de3443] [com.apple.UIKit:BackgroundTask] Incrementing reference count for background assertion <BKSProcessAssertion: 0x1063bd240>
2026-08-25 15:07:18.310 Df quickapp_ios_simulator[40499:de3443] [com.apple.UIKit:BackgroundTask] Created background task <_UIBackgroundTaskInfo: 0x106854a00>: taskID = 1, taskName = Launch Background Task for Coalescing, creationTime = 881334 (elapsed = 0).
2026-08-25 15:07:18.310 Df quickapp_ios_simulator[40499:de3443] [com.apple.FrontBoard:SceneExtension] Realizing settings extension _UIApplicationSceneKeyboardSettings on FBSSceneSettings
2026-08-25 15:07:18.310 Df quickapp_ios_simulator[40499:de343f] [com.apple.FrontBoard:Common] FBSWorkspace connected to endpoint : <BSServiceConnectionEndpoint: 0x1068fc740; target: com.apple.frontboard.systemappservices; service: com.apple.frontboard.workspace-service>
2026-08-25 15:07:18.311 Df quickapp_ios_simulator[40499:de343f] [com.apple.FrontBoard:Common] <FBSWorkspaceScenesClient:0x1068f0aa0 com.apple.frontboard.systemappservices> attempting immediate handshake from activate
2026-08-25 15:07:18.311 Df quickapp_ios_simulator[40499:de343f] [com.apple.FrontBoard:Common] <FBSWorkspaceScenesClient:0x1068f0aa0 com.apple.frontboard.systemappservices> sent handshake
2026-08-25 15:07:18.311 Df quickapp_ios_simulator[40499:de343f] [com.apple.runningboard:general] Added observer for process assertions expiration warning: <_RBSExpirationWarningClient: 0x1068fcc60>
2026-08-25 15:07:18.311 Df quickapp_ios_simulator[40499:de3443] [com.apple.FrontBoard:SceneExtension] Realizing settings extension <_UISceneOcclusionSettings> on FBSSceneSettings
2026-08-25 15:07:18.311 Df quickapp_ios_simulator[40499:de3443] [com.apple.FrontBoard:SceneExtension] Realizing settings extension <_UISceneInterfaceProtectionSettings> on FBSSceneSettings
2026-08-25 15:07:18.311 Df quickapp_ios_simulator[40499:de3443] [com.apple.FrontBoard:SceneExtension] Realizing settings extension _UISceneLayoutPreferencesHostSettingsExtension on FBSSceneSettings
2026-08-25 15:07:18.311 Df quickapp_ios_simulator[40499:de3443] [com.apple.FrontBoard:SceneExtension] Realizing settings extension _UISceneSafeAreaSettingsExtension on FBSSceneSettings
2026-08-25 15:07:18.312 Df quickapp_ios_simulator[40499:de3443] [com.apple.FrontBoard:SceneExtension] Realizing settings extension _UISceneLayoutPreferenceClientSettingsExtension on FBSSceneClientSettings
2026-08-25 15:07:18.312 Df quickapp_ios_simulator[40499:de3443] [com.apple.FrontBoard:SceneExtension] Realizing settings extension <_UIHomeAffordanceHostSceneSettings> on FBSSceneSettings
2026-08-25 15:07:18.312 Df quickapp_ios_simulator[40499:de3443] [com.apple.FrontBoard:SceneExtension] Realizing settings extension _UISystemShellSceneHostingEnvironmentSettings on FBSSceneSettings
2026-08-25 15:07:18.312 Df quickapp_ios_simulator[40499:de3443] [com.apple.FrontBoard:SceneExtension] Realizing settings extension _UISceneRenderingEnvironmentSettings on FBSSceneSettings
2026-08-25 15:07:18.312 Df quickapp_ios_simulator[40499:de3443] [com.apple.FrontBoard:SceneExtension] Realizing settings extension <_UISceneRenderingEnvironmentClientSettings> on FBSSceneClientSettings
2026-08-25 15:07:18.312 Df quickapp_ios_simulator[40499:de3443] [com.apple.FrontBoard:SceneExtension] Realizing settings extension <_UISceneTransitioningHostSettings> on FBSSceneSettings
2026-08-25 15:07:18.313 Df quickapp_ios_simulator[40499:de3443] [com.apple.FrontBoard:SceneExtension] Realizing settings extension <_UISceneFocusSystemSettings> on FBSSceneSettings
2026-08-25 15:07:18.313 Df quickapp_ios_simulator[40499:de3443] [com.apple.FrontBoard:SceneExtension] Realizing settings extension _UISceneOrientationSettingsExtension on FBSSceneSettings
2026-08-25 15:07:18.313 Df quickapp_ios_simulator[40499:de3443] [com.apple.FrontBoard:SceneExtension] Realizing settings extension _UISceneOrientationClientSettingsExtension on FBSSceneClientSettings
2026-08-25 15:07:18.313 Df quickapp_ios_simulator[40499:de3443] [com.apple.FrontBoard:SceneExtension] Realizing settings extension _UISceneWindowingControlClientSettings on FBSSceneClientSettings
2026-08-25 15:07:18.313 Df quickapp_ios_simulator[40499:de343f] [com.apple.UIKit:UIScreen] Evaluated capturing state as 0 on <UIScreen: 0x106928500> for initial
2026-08-25 15:07:18.313 Df quickapp_ios_simulator[40499:de3443] [com.apple.FrontBoard:SceneExtension] Realizing settings extension <_UISceneHostingContentSizePreferenceClientSettings> on FBSSceneClientSettings
2026-08-25 15:07:18.313 Df quickapp_ios_simulator[40499:de3443] [com.apple.FrontBoard:SceneExtension] Realizing settings extension _UISceneHostingTraitCollectionPropagationSettings on FBSSceneSettings
2026-08-25 15:07:18.313 Df quickapp_ios_simulator[40499:de343f] [com.apple.UIKit:UIScreen] Evaluated capturing state as 0 on <UIScreen: 0x106928500> for CADisplay KVO
2026-08-25 15:07:18.313 Df quickapp_ios_simulator[40499:de3443] [com.apple.FrontBoard:SceneExtension] Realizing settings extension <_UISceneHostingSheetPresentationSettings> on FBSSceneSettings
2026-08-25 15:07:18.314 Df quickapp_ios_simulator[40499:de3443] [com.apple.FrontBoard:SceneExtension] Realizing settings extension <_UISceneHostingSheetPresentationClientSettings> on FBSSceneClientSettings
2026-08-25 15:07:18.314 Df quickapp_ios_simulator[40499:de3443] [com.apple.FrontBoard:SceneExtension] Realizing settings extension <_UISceneHostingEventDeferringSettings> on FBSSceneSettings
2026-08-25 15:07:18.314 Df quickapp_ios_simulator[40499:de3443] [com.apple.FrontBoard:SceneExtension] Realizing settings extension <UIKit__UITypedKeyValueSceneSettings> on FBSSceneSettings
2026-08-25 15:07:18.314 Df quickapp_ios_simulator[40499:de3443] [com.apple.FrontBoard:SceneExtension] Realizing settings extension <UIKit__UITypedKeyValueSceneSettings> on FBSSceneClientSettings
2026-08-25 15:07:18.314 Df quickapp_ios_simulator[40499:de3443] [com.apple.FrontBoard:SceneExtension] Realizing settings extension <_UISceneHostingViewControllerPreferencePropagationClientSettings> on FBSSceneClientSettings
2026-08-25 15:07:18.314 Df quickapp_ios_simulator[40499:de3443] [com.apple.FrontBoard:SceneExtension] Realizing settings extension <_UISceneZoomTransitionSettings> on FBSSceneSettings
2026-08-25 15:07:18.314 Df quickapp_ios_simulator[40499:de343f] [com.apple.Accessibility:AXSupportCommon] Read CategoryName: per-app = 1, category name = (null)
2026-08-25 15:07:18.315 Df quickapp_ios_simulator[40499:de3445] [com.apple.FrontBoard:SceneExtension] Realizing settings extension FBSSceneSettingsCore on FBSSceneSettings
2026-08-25 15:07:18.315 Df quickapp_ios_simulator[40499:de343f] [com.apple.Accessibility:AXSupportCommon] Read CategoryName: per-app = 0, category name = (null)
2026-08-25 15:07:18.315 Df quickapp_ios_simulator[40499:de3445] [com.apple.FrontBoard:SceneExtension] Realizing settings extension FBSSceneClientSettingsCore on FBSSceneClientSettings
2026-08-25 15:07:18.322 Df quickapp_ios_simulator[40499:de3445] [com.apple.FrontBoard:SceneExtension] UIMutableApplicationSceneSettings setting counterpart class: UIApplicationSceneSettings
2026-08-25 15:07:18.322 Df quickapp_ios_simulator[40499:de3445] [com.apple.FrontBoard:SceneExtension] UIMutableApplicationSceneClientSettings setting counterpart class: UIApplicationSceneClientSettings
2026-08-25 15:07:18.322 Df quickapp_ios_simulator[40499:de3445] [com.apple.FrontBoard:SceneExtension] Realizing settings extension FBSSceneTransitionContextCore on FBSSceneTransitionContext
2026-08-25 15:07:18.712 A  quickapp_ios_simulator[40499:de3445] (CoreFoundation) Updating Key-Value Observers Of Preferences
2026-08-25 15:07:18.719 Df quickapp_ios_simulator[40499:de343f] [com.apple.dt.xctest:Default] Registering for test daemon availability notify post.
2026-08-25 15:07:18.719 Df quickapp_ios_simulator[40499:de343f] [com.apple.dt.xctest:Default] notify_get_state check indicated test daemon not ready.
2026-08-25 15:07:18.719 Df quickapp_ios_simulator[40499:de343f] [com.apple.dt.xctest:Default] notify_get_state check indicated test daemon not ready.
2026-08-25 15:07:18.719 Df quickapp_ios_simulator[40499:de343f] [com.apple.dt.xctest:Default] notify_get_state check indicated test daemon not ready.
2026-08-25 15:07:18.719 Df quickapp_ios_simulator[40499:de343f] [com.apple.UIKit:Application] Deactivation reason added: 11; deactivation reasons: 1024 -> 3072; animating application lifecycle event: 0
2026-08-25 15:07:18.720 Df quickapp_ios_simulator[40499:de343f] [com.apple.UIKit:Application] Deactivation reason removed: 10; deactivation reasons: 3072 -> 2048; animating application lifecycle event: 0
2026-08-25 15:07:18.720 Df quickapp_ios_simulator[40499:de343f] [com.apple.UIKit:EventBus] Event Timing Profile for Touch: not found, path="/System/Library/EventTimingProfiles/Sim.Touch.plist"
2026-08-25 15:07:18.720 Df quickapp_ios_simulator[40499:de343f] [com.apple.UIKit:EventBus] Event Timing Profile for Pencil: not found, path="/System/Library/EventTimingProfiles/Sim.Pencil.plist"
2026-08-25 15:07:18.720 Df quickapp_ios_simulator[40499:de343f] [com.apple.UIKit:UpdateScheduler] Selected display: name=LCD (PurpleMain), id=1
2026-08-25 15:07:18.755 Df quickapp_ios_simulator[40499:de343f] [com.apple.xpc:connection] [0x106928dc0] activating connection: mach=true listener=false peer=false name=com.apple.lsd.mapdb
2026-08-25 15:07:18.767 Df quickapp_ios_simulator[40499:de343f] [com.apple.BoardServices:XPCErrors] [C:2] Alloc com.apple.backboard.hid-services.xpc
2026-08-25 15:07:18.767 Df quickapp_ios_simulator[40499:de343f] [com.apple.xpc:connection] [0x1069288c0] activating connection: mach=false listener=false peer=false name=(anonymous)
2026-08-25 15:07:18.768 Df quickapp_ios_simulator[40499:de3443] [com.apple.BackBoard:EventDelivery] BKSHIDEventDeliveryManager - connection activation
2026-08-25 15:07:18.768 Df quickapp_ios_simulator[40499:de343f] [com.apple.app_launch_measurement:ApplicationLaunch] alm_acquire_pageins_recording_assertion: acquired pageins recording assertion!
2026-08-25 15:07:18.770 Df quickapp_ios_simulator[40499:de343f] [com.apple.UIKit:BackgroundTask] Will add backgroundTask with taskName: Persistent SceneSession Map Update, expirationHandler: <__NSGlobalBlock__: 0x1e78c84e8>
2026-08-25 15:07:18.770 Df quickapp_ios_simulator[40499:de343f] [com.apple.UIKit:BackgroundTask] Reusing background assertion <BKSProcessAssertion: 0x1063bd240>
2026-08-25 15:07:18.770 Df quickapp_ios_simulator[40499:de343f] [com.apple.UIKit:BackgroundTask] Incrementing reference count for background assertion <BKSProcessAssertion: 0x1063bd240>
2026-08-25 15:07:18.770 Df quickapp_ios_simulator[40499:de343f] [com.apple.UIKit:BackgroundTask] Created background task <_UIBackgroundTaskInfo: 0x10a479bc0>: taskID = 2, taskName = Persistent SceneSession Map Update, creationTime = 881334 (elapsed = 0).
2026-08-25 15:07:18.770 Df quickapp_ios_simulator[40499:de343f] [com.apple.UIKit:Application] Deactivation reason added: 5; deactivation reasons: 2048 -> 2080; animating application lifecycle event: 1
2026-08-25 15:07:18.770 Df quickapp_ios_simulator[40499:de343f] [com.apple.UIKit:InterfaceStyle] Should send trait collection or coordinate space update, interface style 1 -> 1, <UIWindowScene: 0x10a46ec00> (1E476322-17C3-48A3-BCA4-59E74E71A8A1)
2026-08-25 15:07:18.770 Df quickapp_ios_simulator[40499:de343f] [com.apple.UIKit:InterfaceStyle] Not push traits update to screen for new style 1, <UIWindowScene: 0x10a46ec00> (1E476322-17C3-48A3-BCA4-59E74E71A8A1)
2026-08-25 15:07:18.771 Df quickapp_ios_simulator[40499:de343f] [com.apple.UIKit:HomeAffordanceObservation] Initializing: <_UIHomeAffordanceSceneNotifier: 0x10a50f410>; with scene: <UIWindowScene: 0x10a46ec00>
2026-08-25 15:07:18.771 Df quickapp_ios_simulator[40499:de343f] [com.apple.BacklightServices:scenes] 0x10a587090 setDelegate:<0x10a5879f0 _UIBacklightEnvironment> hasDelegate:YES for environment:sceneID:dev.quickappkit.ios.simulator-default
2026-08-25 15:07:18.771 Df quickapp_ios_simulator[40499:de343f] [com.apple.UIKit:InterfaceStyle] Not push traits update to screen for new style 1, <UIWindowScene: 0x10a46ec00> (1E476322-17C3-48A3-BCA4-59E74E71A8A1)
2026-08-25 15:07:18.771 Df quickapp_ios_simulator[40499:de343f] [com.apple.UIKit:EventDeferring] [0x10a50f3a0] Initialized with scene: <UIWindowScene: 0x10a46ec00>; behavior: <_UIEventDeferringBehavior_iOS: 0x10a4b2e00>; availableForProcess: 1, systemShellManagesKeyboardFocus: 1
2026-08-25 15:07:18.772 Df quickapp_ios_simulator[40499:de3443] [com.apple.BackBoard:EventDelivery] BKSHIDEventObserver - connection activation
2026-08-25 15:07:18.772 Df quickapp_ios_simulator[40499:de343f] [com.apple.BackBoard:EventDelivery] policyStatus:<BKSHIDEventDeliveryPolicyObserver: 0x1069ded60; process scope; status: target> was:none
2026-08-25 15:07:18.772 Df quickapp_ios_simulator[40499:de343f] [com.apple.UIKit:KeyWindow] Setting default evaluation strategy for UIUserInterfaceIdiomPhone to LastOneWins
2026-08-25 15:07:18.772 Df quickapp_ios_simulator[40499:de343f] [com.apple.UIKit:KeyWindow] Scene target of keyboard event deferring environment did change: 1; scene: UIWindowScene: 0x10a46ec00; scene identity: com.apple.frontboard.systemappservices/FBSceneManager:sceneID%3Adev.quickappkit.ios.simulator-default
2026-08-25 15:07:18.772 Df quickapp_ios_simulator[40499:de343f] [com.apple.UIKit:EventDeferring] [0x10a50f3a0] Scene target of event deferring environments did update: scene: 0x10a46ec00; current systemShellManagesKeyboardFocus: 1; systemShellManagesKeyboardFocusForScene: 1; eligibleForRecordRemoval: 1;
2026-08-25 15:07:18.772 Df quickapp_ios_simulator[40499:de343f] [com.apple.UIKit:KeyWindow] Scene became target of keyboard event deferring environment: UIWindowScene: 0x10a46ec00; scene identity: com.apple.frontboard.systemappservices/FBSceneManager:sceneID%3Adev.quickappkit.ios.simulator-default
2026-08-25 15:07:18.772 Df quickapp_ios_simulator[40499:de343f] [com.apple.UIKit:KeyWindow] Stack[KeyWindow] 0x10a587750: Taking no further action for migration from LastOneWins -> SystemShellManaged as there are no scenes
2026-08-25 15:07:18.772 Df quickapp_ios_simulator[40499:de343f] [com.apple.UIKit:KeyWindow] Setting default evaluation strategy for UIUserInterfaceIdiomPhone to SystemShellManaged
2026-08-25 15:07:18.772 Df quickapp_ios_simulator[40499:de343f] [com.apple.UIKit:KeyWindow] Key window needs update: 0; currentKeyWindowScene: 0x0; evaluatedKeyWindowScene: 0x10a46ec00; currentApplicationKeyWindow: 0x0; evaluatedApplicationKeyWindow: 0x0; reason: UIWindowScene: 0x10a46ec00: Window scene became target of keyboard environment
2026-08-25 15:07:18.772 Df quickapp_ios_simulator[40499:de343f] [com.apple.UIKit:InterfaceStyle] Not push traits update to screen for new style 1, <UIWindowScene: 0x10a46ec00> (1E476322-17C3-48A3-BCA4-59E74E71A8A1)
2026-08-25 15:07:18.772 Df quickapp_ios_simulator[40499:de343f] [com.apple.UIKit:InterfaceStyle] Not push traits update to screen for new style 1, <UIWindowScene: 0x10a46ec00> (1E476322-17C3-48A3-BCA4-59E74E71A8A1)
2026-08-25 15:07:18.773 Df quickapp_ios_simulator[40499:de343f] [com.apple.UIKit:InterfaceStyle] Not push traits update to screen for new style 1, <UIWindowScene: 0x10a46ec00> (1E476322-17C3-48A3-BCA4-59E74E71A8A1)
2026-08-25 15:07:18.788 Df quickapp_ios_simulator[40499:de343f] [com.apple.UIKit:Orientation] <UIWindowScene: 0x10a46ec00> (1E476322-17C3-48A3-BCA4-59E74E71A8A1) Scene updated orientation preferences: none -> ( Pu Ll Lr )
2026-08-25 15:07:18.795 Df quickapp_ios_simulator[40499:de343f] [com.apple.UIKit:KeyWindow] Key window API is scene-level: YES
2026-08-25 15:07:18.795 Df quickapp_ios_simulator[40499:de343f] [com.apple.UIKit:KeyWindow] UIWindowScene: 0x10a46ec00: Window became key in scene: UIWindow: 0x106974800; contextId: 0x67210C3B: reason: UIWindowScene: 0x10a46ec00: Window requested to become key in scene: 0x106974800
2026-08-25 15:07:18.795 Df quickapp_ios_simulator[40499:de343f] [com.apple.UIKit:KeyWindow] Key window needs update: 1; currentKeyWindowScene: 0x0; evaluatedKeyWindowScene: 0x10a46ec00; currentApplicationKeyWindow: 0x0; evaluatedApplicationKeyWindow: 0x106974800; reason: UIWindowScene: 0x10a46ec00: Window requested to become key in scene: 0x106974800
2026-08-25 15:07:18.795 Df quickapp_ios_simulator[40499:de343f] [com.apple.UIKit:KeyWindow] Window did become application key: UIWindow: 0x106974800; contextId: 0x67210C3B; scene identity: com.apple.frontboard.systemappservices/FBSceneManager:sceneID%3Adev.quickappkit.ios.simulator-default
2026-08-25 15:07:18.795 Df quickapp_ios_simulator[40499:de343f] [com.apple.UIKit:EventDeferring] [0x10a50f3a0] Begin local event deferring requested for token: 0x1069deb20; environments: 1; reason: UIWindowScene: 0x10a46ec00: Begin event deferring in keyboardFocus for window: 0x106974800
2026-08-25 15:07:18.796 Df quickapp_ios_simulator[40499:de3444] [com.apple.BackBoard:EventDelivery] policyStatus:<BKSHIDEventDeliveryPolicyObserver: 0x1069ded60; token: com.apple.frontboard.systemappservices/FBSceneManager:sceneID%3Adev.quickappkit.ios.simulator-default; status: ancestor> was:target
2026-08-25 15:07:18.796 Df quickapp_ios_simulator[40499:de343f] [com.apple.UIKit:InterfaceStyle] Not push traits update to screen for new style 1, <UIWindowScene: 0x10a46ec00> (1E476322-17C3-48A3-BCA4-59E74E71A8A1)
2026-08-25 15:07:18.797 Df quickapp_ios_simulator[40499:de343f] [com.apple.UIKit:AppLifecycle] sceneOfRecord: sceneID: sceneID:dev.quickappkit.ios.simulator-default  persistentID: 1E476322-17C3-48A3-BCA4-59E74E71A8A1
2026-08-25 15:07:18.797 Df quickapp_ios_simulator[40499:de343f] [com.apple.UIKit:Application] Ignoring already applied deactivation reason: 5; deactivation reasons: 2080
2026-08-25 15:07:18.797 Df quickapp_ios_simulator[40499:de343f] [com.apple.UIKit:Application] Deactivation reason added: 12; deactivation reasons: 2080 -> 6176; animating application lifecycle event: 1
2026-08-25 15:07:18.797 Df quickapp_ios_simulator[40499:de343f] [com.apple.UIKit:Application] Deactivation reason removed: 11; deactivation reasons: 6176 -> 4128; animating application lifecycle event: 1
2026-08-25 15:07:18.797 Df quickapp_ios_simulator[40499:de343f] [com.apple.FrontBoard:SceneExtension] Realizing settings extension <_UISceneIntelligenceSupportSettings> on FBSSceneSettings
2026-08-25 15:07:18.797 Df quickapp_ios_simulator[40499:de3443] [com.apple.UIIntelligenceSupport:xpc] establishing connection to agent
2026-08-25 15:07:18.797 Df quickapp_ios_simulator[40499:de3443] [com.apple.xpc:session] [0x106b867b0] Session created.
2026-08-25 15:07:18.797 Df quickapp_ios_simulator[40499:de3443] [com.apple.xpc:session] [0x106b867b0] Session created from connection [0x10a5e4f00]
2026-08-25 15:07:18.797 Df quickapp_ios_simulator[40499:de3443] [com.apple.xpc:connection] [0x10a5e4f00] activating connection: mach=true listener=false peer=false name=com.apple.uiintelligencesupport.agent
2026-08-25 15:07:18.797 Df quickapp_ios_simulator[40499:de343f] [com.apple.UIKit:InterfaceStyle] Not push traits update to screen for new style 1, <UIWindowScene: 0x10a46ec00> (1E476322-17C3-48A3-BCA4-59E74E71A8A1)
2026-08-25 15:07:18.797 Df quickapp_ios_simulator[40499:de3443] [com.apple.xpc:session] [0x106b867b0] Session activated
2026-08-25 15:07:18.799 Df quickapp_ios_simulator[40499:de343f] [com.apple.network:activity] Create activity from XPC object <nw_activity 50:1 [6D3CC7B2-695A-4705-A794-277A00CAB791] (reporting strategy default)>
2026-08-25 15:07:18.799 Df quickapp_ios_simulator[40499:de343f] [com.apple.network:activity] Create activity from XPC object <nw_activity 50:2 [77B6AD73-CB24-4C32-B1FA-BC72BA83F5D7] (reporting strategy default)>
2026-08-25 15:07:18.799 Df quickapp_ios_simulator[40499:de343f] [com.apple.network:activity] Set activity <nw_activity 50:1 [6D3CC7B2-695A-4705-A794-277A00CAB791] (reporting strategy default)> as the global parent
2026-08-25 15:07:18.799 Df quickapp_ios_simulator[40499:de343f] [com.apple.UIKit:BackgroundTask] Ending background task with UIBackgroundTaskIdentifier: 1
2026-08-25 15:07:18.800 Df quickapp_ios_simulator[40499:de343f] [com.apple.UIKit:BackgroundTask] Ending task with identifier 1 and description: <_UIBackgroundTaskInfo: 0x106854a00>: taskID = 1, taskName = Launch Background Task for Coalescing, creationTime = 881334 (elapsed = 0), _expireHandler: (null)
2026-08-25 15:07:18.800 Df quickapp_ios_simulator[40499:de343f] [com.apple.UIKit:BackgroundTask] Decrementing reference count for assertion <BKSProcessAssertion: 0x1063bd240> (used by background task with identifier 1: <_UIBackgroundTaskInfo: 0x106854a00>: taskID = 1, taskName = Launch Background Task for Coalescing, creationTime = 881334 (elapsed = 0))
2026-08-25 15:07:18.800 Df quickapp_ios_simulator[40499:de343f] [com.apple.UIKit:UpdateScheduler] Target list changed: <CADisplay:LCD PurpleMain>
2026-08-25 15:07:18.800 Df quickapp_ios_simulator[40499:de343f] [com.apple.UIKit:AppLifecycle] sceneOfRecord: sceneID: sceneID:dev.quickappkit.ios.simulator-default  persistentID: 1E476322-17C3-48A3-BCA4-59E74E71A8A1
2026-08-25 15:07:18.800 Df quickapp_ios_simulator[40499:de343f] [com.apple.UIKit:InterfaceStyle] Not push traits update to screen for new style 1, <UIWindowScene: 0x10a46ec00> (1E476322-17C3-48A3-BCA4-59E74E71A8A1)
2026-08-25 15:07:18.801 A  quickapp_ios_simulator[40499:de3444] (RunningBoardServices) didChangeInheritances
2026-08-25 15:07:18.803 A  quickapp_ios_simulator[40499:de3443] (RunningBoardServices) didChangeInheritances
2026-08-25 15:07:18.870 Df quickapp_ios_simulator[40499:de343f] [com.apple.UIKit:EventDeferring] [0x10a50f3a0] Scene target of event deferring environments did update: scene: 0x10a46ec00; current systemShellManagesKeyboardFocus: 1; systemShellManagesKeyboardFocusForScene: 1; eligibleForRecordRemoval: 1;
2026-08-25 15:07:18.870 Df quickapp_ios_simulator[40499:de343f] [com.apple.UIKit:KeyWindow] Scene became target of keyboard event deferring environment: UIWindowScene: 0x10a46ec00; scene identity: com.apple.frontboard.systemappservices/FBSceneManager:sceneID%3Adev.quickappkit.ios.simulator-default
2026-08-25 15:07:18.870 Df quickapp_ios_simulator[40499:de343f] ios.showcase.window.bounds=<402.0,874.0> root.bounds=<402.0,778.0>
2026-08-25 15:07:18.870 Df quickapp_ios_simulator[40499:de343f] ios.a1.runtime.started rpk=/Users/qy/Library/Developer/CoreSimulator/Devices/8B0FB532-76A7-4656-B84B-8F7112745356/data/Containers/Bundle/Application/5C8EB060-9315-4E67-A87E-E72A1D058F8F/quickapp_ios_simulator.app/platform-001.rpk
2026-08-25 15:07:18.871 Df quickapp_ios_simulator[40499:de343f] [com.apple.FrontBoard:SceneExtension] Realizing settings extension SBUISecureRenderingSettingsExtension on FBSSceneSettings
2026-08-25 15:07:18.871 Df quickapp_ios_simulator[40499:de343f] [com.apple.UIKit:InterfaceStyle] Not push traits update to screen for new style 1, <UIWindowScene: 0x10a46ec00> (1E476322-17C3-48A3-BCA4-59E74E71A8A1)
2026-08-25 15:07:18.871 Df quickapp_ios_simulator[40499:de343f] [com.apple.UIKit:InterfaceStyle] Not push traits update to screen for new style 1, <UIWindowScene: 0x10a46ec00> (1E476322-17C3-48A3-BCA4-59E74E71A8A1)
2026-08-25 15:07:18.871 Df quickapp_ios_simulator[40499:de343f] [com.apple.UIKit:AppLifecycle] sceneOfRecord: sceneID: sceneID:dev.quickappkit.ios.simulator-default  persistentID: 1E476322-17C3-48A3-BCA4-59E74E71A8A1
2026-08-25 15:07:18.871 Df quickapp_ios_simulator[40499:de343f] [com.apple.UIKit:Application] Deactivation reason removed: 12; deactivation reasons: 4128 -> 32; animating application lifecycle event: 1
2026-08-25 15:07:18.871 Df quickapp_ios_simulator[40499:de343f] [com.apple.KeyboardArbiter:Client] Send setDeactivating: N (-DeactivationReason:SuspendedEventsOnly)
2026-08-25 15:07:18.872 Df quickapp_ios_simulator[40499:de343f] [com.apple.UIKit:Application] Deactivation reason removed: 5; deactivation reasons: 32 -> 0; animating application lifecycle event: 0
2026-08-25 15:07:18.873 Df quickapp_ios_simulator[40499:de343f] [com.apple.Accessibility:AXCommon] Read Per-App on Init: Smart invert = (null)
2026-08-25 15:07:18.873 Df quickapp_ios_simulator[40499:de343f] [com.apple.KeyboardArbiter:Client] startConnection
2026-08-25 15:07:18.873 Df quickapp_ios_simulator[40499:de343f] [com.apple.xpc:connection] [0x10a5e4140] activating connection: mach=true listener=false peer=false name=com.apple.UIKit.KeyboardManagement.hosted
2026-08-25 15:07:18.874 Df quickapp_ios_simulator[40499:de343f] [com.apple.KeyboardArbiter:Client] handleKeyboardChange: set currentKeyboard:N (wasKeyboard:N)
2026-08-25 15:07:18.878 Df quickapp_ios_simulator[40499:de343f] [com.apple.UIKit:KeyboardSceneDelegate] forceReloadInputViews
2026-08-25 15:07:18.878 Df quickapp_ios_simulator[40499:de343f] [com.apple.UIKit:KeyboardSceneDelegate] Reloading input views for key-window scene responder: <(null): 0x0; > force:Y
2026-08-25 15:07:18.878 Df quickapp_ios_simulator[40499:de343f] [com.apple.UIKit:KeyboardArbiterClientLog] isWritingToolsHandlingKeyboardTracking:Y (WT ready:Y, Arbiter ready:Y)
2026-08-25 15:07:18.878 Df quickapp_ios_simulator[40499:de343f] ios.ui.surface.created surface=srf:1 frame=<0.0,0.0,402.0,778.0>
2026-08-25 15:07:18.886 Df quickapp_ios_simulator[40499:de3443] [com.apple.xpc:connection] [0x10a5e4a00] activating connection: mach=true listener=false peer=false name=com.apple.fontservicesd
2026-08-25 15:07:18.888 Df quickapp_ios_simulator[40499:de343f] ios.ui.button.created surface=srf:1 node=node:6 text=<pending>
2026-08-25 15:07:18.888 Df quickapp_ios_simulator[40499:de343f] ios.ui.button.layout surface=srf:1 node=node:6 frame=<20.0,140.0,250.0,42.0> text=提示 enabled=1
2026-08-25 15:07:18.888 Df quickapp_ios_simulator[40499:de343f] ios.ui.button.created surface=srf:1 node=node:7 text=<pending>
2026-08-25 15:07:18.889 Df quickapp_ios_simulator[40499:de343f] ios.ui.button.layout surface=srf:1 node=node:7 frame=<20.0,196.0,250.0,42.0> text=读取本地状态 enabled=1
2026-08-25 15:07:18.889 Df quickapp_ios_simulator[40499:de343f] ios.ui.button.created surface=srf:1 node=node:8 text=<pending>
2026-08-25 15:07:18.889 Df quickapp_ios_simulator[40499:de343f] ios.ui.button.layout surface=srf:1 node=node:8 frame=<20.0,252.0,250.0,42.0> text=请求本地数据 enabled=1
2026-08-25 15:07:18.889 Df quickapp_ios_simulator[40499:de343f] ios.ui.mount.result surface=srf:1 revision=0 operations=51 mounted=1
2026-08-25 15:07:18.893 Df quickapp_ios_simulator[40499:de343f] [PrototypeTools:domain] Not observing PTDefaults on customer install.
2026-08-25 15:07:18.904 Df quickapp_ios_simulator[40499:de343f] ios.ui.surface.present target=srf:1 hidden=0 subviews=1
2026-08-25 15:07:18.909 A  quickapp_ios_simulator[40499:de3444] (RunningBoardServices) didChangeInheritances
2026-08-25 15:07:18.946 Df quickapp_ios_simulator[40499:de343f] [com.apple.network:activity] <nw_activity 50:1 [6D3CC7B2-695A-4705-A794-277A00CAB791] (global parent) (reporting strategy default) complete (reason success)> complete with reason 2 (success), duration 856ms
2026-08-25 15:07:18.946 Df quickapp_ios_simulator[40499:de343f] [com.apple.network:activity] <nw_activity 50:2 [77B6AD73-CB24-4C32-B1FA-BC72BA83F5D7] (reporting strategy default) complete (reason success)> complete with reason 2 (success), duration 856ms
2026-08-25 15:07:18.946 Df quickapp_ios_simulator[40499:de343f] [com.apple.network:activity] Unsetting the global parent activity <nw_activity 50:1 [6D3CC7B2-695A-4705-A794-277A00CAB791] (global parent) (reporting strategy default) complete (reason success)>
2026-08-25 15:07:18.946 Df quickapp_ios_simulator[40499:de343f] [com.apple.network:activity] Unset the global parent activity
2026-08-25 15:07:18.946 Df quickapp_ios_simulator[40499:de343f] [com.apple.app_launch_measurement:ApplicationLaunch] alm_release_pageins_recording_assertion: releasing pageins recording assertion
2026-08-25 15:07:19.280 Df quickapp_ios_simulator[40499:de3444] [com.apple.UIKit:BackgroundTask] Ending background task with UIBackgroundTaskIdentifier: 2
2026-08-25 15:07:19.281 Df quickapp_ios_simulator[40499:de3444] [com.apple.UIKit:BackgroundTask] Ending task with identifier 2 and description: <_UIBackgroundTaskInfo: 0x10a479bc0>: taskID = 2, taskName = Persistent SceneSession Map Update, creationTime = 881334 (elapsed = 1), _expireHandler: <__NSGlobalBlock__: 0x1e78c84e8>
2026-08-25 15:07:19.281 Df quickapp_ios_simulator[40499:de3444] [com.apple.UIKit:BackgroundTask] Decrementing reference count for assertion <BKSProcessAssertion: 0x1063bd240> (used by background task with identifier 2: <_UIBackgroundTaskInfo: 0x10a479bc0>: taskID = 2, taskName = Persistent SceneSession Map Update, creationTime = 881334 (elapsed = 1))
2026-08-25 15:07:19.289 Df quickapp_ios_simulator[40499:de3444] [com.apple.UIKit:BackgroundTask] Will invalidate assertion: <BKSProcessAssertion: 0x1063bd240> for task identifier: 2
2026-08-25 15:07:19.393 A  quickapp_ios_simulator[40499:de3444] (RunningBoardServices) didChangeInheritances
2026-08-25 15:07:19.657 Df quickapp_ios_simulator[40499:de343f] [com.apple.BackBoard:Display] [FBSDisplaySource 1-1] silently connecting raw configuration: <FBSDisplayConfiguration: 0x1068f8900; Main; mode: "402x874@3x 60Hz p3 SDR">
2026-08-25 15:07:19.901 Df quickapp_ios_simulator[40499:de343f] ios.feature.probe.queued module=fetch method=fetch accepted=1
