Timestamp               Ty Process[PID:TID]
2026-08-25 15:06:43.943 Df quickapp_ios_simulator[40239:de2eb8] [com.apple.xpc:connection] [0x1038b9940] activating connection: mach=true listener=false peer=false name=com.apple.cfprefsd.daemon
2026-08-25 15:06:43.943 Df quickapp_ios_simulator[40239:de2eb3] (libMobileGestalt.dylib) No persisted cache on this platform.
2026-08-25 15:06:43.943 Df quickapp_ios_simulator[40239:de2eb9] [com.apple.BoardServices:XPCErrors] [C:1] Alloc com.apple.frontboard.systemappservices
2026-08-25 15:06:43.944 Df quickapp_ios_simulator[40239:de2eb9] [com.apple.xpc:connection] [0x1038bed40] activating connection: mach=false listener=false peer=false name=(anonymous)
2026-08-25 15:06:43.944 A  quickapp_ios_simulator[40239:de2eb8] (CoreFoundation) Loading Preferences From User Session CFPrefsD
2026-08-25 15:06:43.949 Df quickapp_ios_simulator[40239:de2eb3] [com.apple.UIKit:Application] Deactivation reason added: 10; deactivation reasons: 0 -> 1024; animating application lifecycle event: 0
2026-08-25 15:06:43.949 Df quickapp_ios_simulator[40239:de2eb7] [com.apple.UIKit:BackgroundTask] Creating new assertion because there is no existing background assertion.
2026-08-25 15:06:43.949 Df quickapp_ios_simulator[40239:de2eb7] [com.apple.UIKit:BackgroundTask] Creating new background assertion
2026-08-25 15:06:43.949 Df quickapp_ios_simulator[40239:de2eb3] [com.apple.runningboard:connection] Initializing connection
2026-08-25 15:06:43.949 Df quickapp_ios_simulator[40239:de2eb7] [com.apple.UIKit:BackgroundTask] Created new background assertion <BKSProcessAssertion: 0x1038bdff0>
2026-08-25 15:06:43.949 Df quickapp_ios_simulator[40239:de2eb3] [com.apple.runningboard:process] Removing all cached process handles
2026-08-25 15:06:43.949 Df quickapp_ios_simulator[40239:de2eb9] [com.apple.runningboard:connection] Sending handshake request attempt #1 to server
2026-08-25 15:06:43.949 Df quickapp_ios_simulator[40239:de2eb3] [com.apple.BoardServices:Injection] activating monitor for service com.apple.frontboard.open
2026-08-25 15:06:43.949 Df quickapp_ios_simulator[40239:de2eb9] [com.apple.runningboard:connection] Creating connection to com.apple.runningboard
2026-08-25 15:06:43.949 Df quickapp_ios_simulator[40239:de2eb3] [com.apple.BoardServices:Injection] activating monitor for service com.apple.frontboard.workspace-service
2026-08-25 15:06:43.949 Df quickapp_ios_simulator[40239:de2eb9] [com.apple.xpc:connection] [0x104134280] activating connection: mach=true listener=false peer=false name=com.apple.runningboard
2026-08-25 15:06:43.950 Df quickapp_ios_simulator[40239:de2eb3] [com.apple.FrontBoard:Common] FBSWorkspace registering source: com.apple.frontboard.systemappservices
2026-08-25 15:06:43.950 A  quickapp_ios_simulator[40239:de2ebc] (RunningBoardServices) didChangeInheritances
2026-08-25 15:06:43.950 Df quickapp_ios_simulator[40239:de2eb9] [com.apple.runningboard:connection] Handshake succeeded
2026-08-25 15:06:43.950 Df quickapp_ios_simulator[40239:de2eb9] [com.apple.runningboard:connection] Identity resolved as app<dev.quickappkit.ios.simulator((null))>
2026-08-25 15:06:43.951 Df quickapp_ios_simulator[40239:de2eb3] [com.apple.FrontBoard:Common] FBSWorkspace connected to endpoint : <BSServiceConnectionEndpoint: 0x104104a00; target: com.apple.frontboard.systemappservices; service: com.apple.frontboard.workspace-service>
2026-08-25 15:06:43.951 Df quickapp_ios_simulator[40239:de2eb3] [com.apple.FrontBoard:Common] <FBSWorkspaceScenesClient:0x1040dcbe0 com.apple.frontboard.systemappservices> attempting immediate handshake from activate
2026-08-25 15:06:43.951 Df quickapp_ios_simulator[40239:de2eb3] [com.apple.FrontBoard:Common] <FBSWorkspaceScenesClient:0x1040dcbe0 com.apple.frontboard.systemappservices> sent handshake
2026-08-25 15:06:43.951 Df quickapp_ios_simulator[40239:de2eb7] [com.apple.UIKit:BackgroundTask] Incrementing reference count for background assertion <BKSProcessAssertion: 0x1038bdff0>
2026-08-25 15:06:43.951 Df quickapp_ios_simulator[40239:de2eb3] [com.apple.runningboard:general] Added observer for process assertions expiration warning: <_RBSExpirationWarningClient: 0x104104c00>
2026-08-25 15:06:43.951 Df quickapp_ios_simulator[40239:de2eb7] [com.apple.UIKit:BackgroundTask] Created background task <_UIBackgroundTaskInfo: 0x104054ac0>: taskID = 1, taskName = Launch Background Task for Coalescing, creationTime = 881300 (elapsed = 0).
2026-08-25 15:06:43.951 Df quickapp_ios_simulator[40239:de2eb7] [com.apple.FrontBoard:SceneExtension] Realizing settings extension _UIApplicationSceneKeyboardSettings on FBSSceneSettings
2026-08-25 15:06:43.952 Df quickapp_ios_simulator[40239:de2eb7] [com.apple.FrontBoard:SceneExtension] Realizing settings extension <_UISceneOcclusionSettings> on FBSSceneSettings
2026-08-25 15:06:43.952 Df quickapp_ios_simulator[40239:de2eb7] [com.apple.FrontBoard:SceneExtension] Realizing settings extension <_UISceneInterfaceProtectionSettings> on FBSSceneSettings
2026-08-25 15:06:43.952 Df quickapp_ios_simulator[40239:de2eb7] [com.apple.FrontBoard:SceneExtension] Realizing settings extension _UISceneLayoutPreferencesHostSettingsExtension on FBSSceneSettings
2026-08-25 15:06:43.952 Df quickapp_ios_simulator[40239:de2eb7] [com.apple.FrontBoard:SceneExtension] Realizing settings extension _UISceneSafeAreaSettingsExtension on FBSSceneSettings
2026-08-25 15:06:43.953 Df quickapp_ios_simulator[40239:de2eb7] [com.apple.FrontBoard:SceneExtension] Realizing settings extension _UISceneLayoutPreferenceClientSettingsExtension on FBSSceneClientSettings
2026-08-25 15:06:43.954 Df quickapp_ios_simulator[40239:de2eb7] [com.apple.FrontBoard:SceneExtension] Realizing settings extension <_UIHomeAffordanceHostSceneSettings> on FBSSceneSettings
2026-08-25 15:06:43.954 Df quickapp_ios_simulator[40239:de2eb3] [com.apple.UIKit:UIScreen] Evaluated capturing state as 0 on <UIScreen: 0x104134500> for initial
2026-08-25 15:06:43.954 Df quickapp_ios_simulator[40239:de2eb3] [com.apple.UIKit:UIScreen] Evaluated capturing state as 0 on <UIScreen: 0x104134500> for CADisplay KVO
2026-08-25 15:06:43.954 Df quickapp_ios_simulator[40239:de2eb7] [com.apple.FrontBoard:SceneExtension] Realizing settings extension _UISystemShellSceneHostingEnvironmentSettings on FBSSceneSettings
2026-08-25 15:06:43.955 Df quickapp_ios_simulator[40239:de2eb7] [com.apple.FrontBoard:SceneExtension] Realizing settings extension _UISceneRenderingEnvironmentSettings on FBSSceneSettings
2026-08-25 15:06:43.955 Df quickapp_ios_simulator[40239:de2eb7] [com.apple.FrontBoard:SceneExtension] Realizing settings extension <_UISceneRenderingEnvironmentClientSettings> on FBSSceneClientSettings
2026-08-25 15:06:43.955 Df quickapp_ios_simulator[40239:de2eb7] [com.apple.FrontBoard:SceneExtension] Realizing settings extension <_UISceneTransitioningHostSettings> on FBSSceneSettings
2026-08-25 15:06:43.955 Df quickapp_ios_simulator[40239:de2eb7] [com.apple.FrontBoard:SceneExtension] Realizing settings extension <_UISceneFocusSystemSettings> on FBSSceneSettings
2026-08-25 15:06:43.955 Df quickapp_ios_simulator[40239:de2eb7] [com.apple.FrontBoard:SceneExtension] Realizing settings extension _UISceneOrientationSettingsExtension on FBSSceneSettings
2026-08-25 15:06:43.955 Df quickapp_ios_simulator[40239:de2eb7] [com.apple.FrontBoard:SceneExtension] Realizing settings extension _UISceneOrientationClientSettingsExtension on FBSSceneClientSettings
2026-08-25 15:06:43.955 Df quickapp_ios_simulator[40239:de2eb3] [com.apple.Accessibility:AXSupportCommon] Read CategoryName: per-app = 1, category name = (null)
2026-08-25 15:06:43.956 Df quickapp_ios_simulator[40239:de2eb7] [com.apple.FrontBoard:SceneExtension] Realizing settings extension _UISceneWindowingControlClientSettings on FBSSceneClientSettings
2026-08-25 15:06:43.956 Df quickapp_ios_simulator[40239:de2eb7] [com.apple.FrontBoard:SceneExtension] Realizing settings extension <_UISceneHostingContentSizePreferenceClientSettings> on FBSSceneClientSettings
2026-08-25 15:06:43.956 Df quickapp_ios_simulator[40239:de2eb7] [com.apple.FrontBoard:SceneExtension] Realizing settings extension _UISceneHostingTraitCollectionPropagationSettings on FBSSceneSettings
2026-08-25 15:06:43.956 Df quickapp_ios_simulator[40239:de2eb3] [com.apple.Accessibility:AXSupportCommon] Read CategoryName: per-app = 0, category name = (null)
2026-08-25 15:06:43.956 Df quickapp_ios_simulator[40239:de2eb7] [com.apple.FrontBoard:SceneExtension] Realizing settings extension <_UISceneHostingSheetPresentationSettings> on FBSSceneSettings
2026-08-25 15:06:43.956 Df quickapp_ios_simulator[40239:de2eb7] [com.apple.FrontBoard:SceneExtension] Realizing settings extension <_UISceneHostingSheetPresentationClientSettings> on FBSSceneClientSettings
2026-08-25 15:06:43.957 Df quickapp_ios_simulator[40239:de2eb7] [com.apple.FrontBoard:SceneExtension] Realizing settings extension <_UISceneHostingEventDeferringSettings> on FBSSceneSettings
2026-08-25 15:06:43.957 Df quickapp_ios_simulator[40239:de2eb7] [com.apple.FrontBoard:SceneExtension] Realizing settings extension <UIKit__UITypedKeyValueSceneSettings> on FBSSceneSettings
2026-08-25 15:06:43.957 Df quickapp_ios_simulator[40239:de2eb7] [com.apple.FrontBoard:SceneExtension] Realizing settings extension <UIKit__UITypedKeyValueSceneSettings> on FBSSceneClientSettings
2026-08-25 15:06:43.957 Df quickapp_ios_simulator[40239:de2eb7] [com.apple.FrontBoard:SceneExtension] Realizing settings extension <_UISceneHostingViewControllerPreferencePropagationClientSettings> on FBSSceneClientSettings
2026-08-25 15:06:43.958 Df quickapp_ios_simulator[40239:de2eb7] [com.apple.FrontBoard:SceneExtension] Realizing settings extension <_UISceneZoomTransitionSettings> on FBSSceneSettings
2026-08-25 15:06:43.958 Df quickapp_ios_simulator[40239:de2eb9] [com.apple.FrontBoard:SceneExtension] Realizing settings extension FBSSceneSettingsCore on FBSSceneSettings
2026-08-25 15:06:43.959 Df quickapp_ios_simulator[40239:de2eb9] [com.apple.FrontBoard:SceneExtension] Realizing settings extension FBSSceneClientSettingsCore on FBSSceneClientSettings
2026-08-25 15:06:43.969 Df quickapp_ios_simulator[40239:de2eb9] [com.apple.FrontBoard:SceneExtension] UIMutableApplicationSceneSettings setting counterpart class: UIApplicationSceneSettings
2026-08-25 15:06:43.969 Df quickapp_ios_simulator[40239:de2eb9] [com.apple.FrontBoard:SceneExtension] UIMutableApplicationSceneClientSettings setting counterpart class: UIApplicationSceneClientSettings
2026-08-25 15:06:43.970 Df quickapp_ios_simulator[40239:de2eb9] [com.apple.FrontBoard:SceneExtension] Realizing settings extension FBSSceneTransitionContextCore on FBSSceneTransitionContext
2026-08-25 15:06:44.367 A  quickapp_ios_simulator[40239:de2eb7] (CoreFoundation) Updating Key-Value Observers Of Preferences
2026-08-25 15:06:44.375 Df quickapp_ios_simulator[40239:de2eb3] [com.apple.dt.xctest:Default] Registering for test daemon availability notify post.
2026-08-25 15:06:44.375 Df quickapp_ios_simulator[40239:de2eb3] [com.apple.dt.xctest:Default] notify_get_state check indicated test daemon not ready.
2026-08-25 15:06:44.375 Df quickapp_ios_simulator[40239:de2eb3] [com.apple.dt.xctest:Default] notify_get_state check indicated test daemon not ready.
2026-08-25 15:06:44.375 Df quickapp_ios_simulator[40239:de2eb3] [com.apple.dt.xctest:Default] notify_get_state check indicated test daemon not ready.
2026-08-25 15:06:44.376 Df quickapp_ios_simulator[40239:de2eb3] [com.apple.UIKit:Application] Deactivation reason added: 11; deactivation reasons: 1024 -> 3072; animating application lifecycle event: 0
2026-08-25 15:06:44.376 Df quickapp_ios_simulator[40239:de2eb3] [com.apple.UIKit:Application] Deactivation reason removed: 10; deactivation reasons: 3072 -> 2048; animating application lifecycle event: 0
2026-08-25 15:06:44.377 Df quickapp_ios_simulator[40239:de2eb3] [com.apple.UIKit:EventBus] Event Timing Profile for Touch: not found, path="/System/Library/EventTimingProfiles/Sim.Touch.plist"
2026-08-25 15:06:44.377 Df quickapp_ios_simulator[40239:de2eb3] [com.apple.UIKit:EventBus] Event Timing Profile for Pencil: not found, path="/System/Library/EventTimingProfiles/Sim.Pencil.plist"
2026-08-25 15:06:44.377 Df quickapp_ios_simulator[40239:de2eb3] [com.apple.UIKit:UpdateScheduler] Selected display: name=LCD (PurpleMain), id=1
2026-08-25 15:06:44.415 Df quickapp_ios_simulator[40239:de2eb3] [com.apple.xpc:connection] [0x104134dc0] activating connection: mach=true listener=false peer=false name=com.apple.lsd.mapdb
2026-08-25 15:06:44.429 Df quickapp_ios_simulator[40239:de2eb3] [com.apple.BoardServices:XPCErrors] [C:2] Alloc com.apple.backboard.hid-services.xpc
2026-08-25 15:06:44.429 Df quickapp_ios_simulator[40239:de2eb3] [com.apple.xpc:connection] [0x1041348c0] activating connection: mach=false listener=false peer=false name=(anonymous)
2026-08-25 15:06:44.430 Df quickapp_ios_simulator[40239:de2eb9] [com.apple.BackBoard:EventDelivery] BKSHIDEventDeliveryManager - connection activation
2026-08-25 15:06:44.430 Df quickapp_ios_simulator[40239:de2eb3] [com.apple.app_launch_measurement:ApplicationLaunch] alm_acquire_pageins_recording_assertion: acquired pageins recording assertion!
2026-08-25 15:06:44.432 Df quickapp_ios_simulator[40239:de2eb3] [com.apple.UIKit:BackgroundTask] Will add backgroundTask with taskName: Persistent SceneSession Map Update, expirationHandler: <__NSGlobalBlock__: 0x1e78c84e8>
2026-08-25 15:06:44.432 Df quickapp_ios_simulator[40239:de2eb3] [com.apple.UIKit:BackgroundTask] Reusing background assertion <BKSProcessAssertion: 0x1038bdff0>
2026-08-25 15:06:44.432 Df quickapp_ios_simulator[40239:de2eb3] [com.apple.UIKit:BackgroundTask] Incrementing reference count for background assertion <BKSProcessAssertion: 0x1038bdff0>
2026-08-25 15:06:44.432 Df quickapp_ios_simulator[40239:de2eb3] [com.apple.UIKit:BackgroundTask] Created background task <_UIBackgroundTaskInfo: 0x10426a5c0>: taskID = 2, taskName = Persistent SceneSession Map Update, creationTime = 881300 (elapsed = 0).
2026-08-25 15:06:44.432 Df quickapp_ios_simulator[40239:de2eb3] [com.apple.UIKit:Application] Deactivation reason added: 5; deactivation reasons: 2048 -> 2080; animating application lifecycle event: 1
2026-08-25 15:06:44.432 Df quickapp_ios_simulator[40239:de2eb3] [com.apple.UIKit:InterfaceStyle] Should send trait collection or coordinate space update, interface style 1 -> 1, <UIWindowScene: 0x107892c00> (1E476322-17C3-48A3-BCA4-59E74E71A8A1)
2026-08-25 15:06:44.433 Df quickapp_ios_simulator[40239:de2eb3] [com.apple.UIKit:InterfaceStyle] Not push traits update to screen for new style 1, <UIWindowScene: 0x107892c00> (1E476322-17C3-48A3-BCA4-59E74E71A8A1)
2026-08-25 15:06:44.433 Df quickapp_ios_simulator[40239:de2eb3] [com.apple.UIKit:HomeAffordanceObservation] Initializing: <_UIHomeAffordanceSceneNotifier: 0x10792f410>; with scene: <UIWindowScene: 0x107892c00>
2026-08-25 15:06:44.433 Df quickapp_ios_simulator[40239:de2eb3] [com.apple.BacklightServices:scenes] 0x10799ad60 setDelegate:<0x10799b6f0 _UIBacklightEnvironment> hasDelegate:YES for environment:sceneID:dev.quickappkit.ios.simulator-default
2026-08-25 15:06:44.433 Df quickapp_ios_simulator[40239:de2eb3] [com.apple.UIKit:InterfaceStyle] Not push traits update to screen for new style 1, <UIWindowScene: 0x107892c00> (1E476322-17C3-48A3-BCA4-59E74E71A8A1)
2026-08-25 15:06:44.433 Df quickapp_ios_simulator[40239:de2eb3] [com.apple.UIKit:EventDeferring] [0x10792f3a0] Initialized with scene: <UIWindowScene: 0x107892c00>; behavior: <_UIEventDeferringBehavior_iOS: 0x1078d6ce0>; availableForProcess: 1, systemShellManagesKeyboardFocus: 1
2026-08-25 15:06:44.434 Df quickapp_ios_simulator[40239:de2eb9] [com.apple.BackBoard:EventDelivery] BKSHIDEventObserver - connection activation
2026-08-25 15:06:44.434 Df quickapp_ios_simulator[40239:de2eb3] [com.apple.BackBoard:EventDelivery] policyStatus:<BKSHIDEventDeliveryPolicyObserver: 0x104044fc0; process scope; status: target> was:none
2026-08-25 15:06:44.434 Df quickapp_ios_simulator[40239:de2eb3] [com.apple.UIKit:KeyWindow] Setting default evaluation strategy for UIUserInterfaceIdiomPhone to LastOneWins
2026-08-25 15:06:44.434 Df quickapp_ios_simulator[40239:de2eb3] [com.apple.UIKit:KeyWindow] Scene target of keyboard event deferring environment did change: 1; scene: UIWindowScene: 0x107892c00; scene identity: com.apple.frontboard.systemappservices/FBSceneManager:sceneID%3Adev.quickappkit.ios.simulator-default
2026-08-25 15:06:44.434 Df quickapp_ios_simulator[40239:de2eb3] [com.apple.UIKit:EventDeferring] [0x10792f3a0] Scene target of event deferring environments did update: scene: 0x107892c00; current systemShellManagesKeyboardFocus: 1; systemShellManagesKeyboardFocusForScene: 1; eligibleForRecordRemoval: 1;
2026-08-25 15:06:44.434 Df quickapp_ios_simulator[40239:de2eb3] [com.apple.UIKit:KeyWindow] Scene became target of keyboard event deferring environment: UIWindowScene: 0x107892c00; scene identity: com.apple.frontboard.systemappservices/FBSceneManager:sceneID%3Adev.quickappkit.ios.simulator-default
2026-08-25 15:06:44.434 Df quickapp_ios_simulator[40239:de2eb3] [com.apple.UIKit:KeyWindow] Stack[KeyWindow] 0x10799b4b0: Taking no further action for migration from LastOneWins -> SystemShellManaged as there are no scenes
2026-08-25 15:06:44.434 Df quickapp_ios_simulator[40239:de2eb3] [com.apple.UIKit:KeyWindow] Setting default evaluation strategy for UIUserInterfaceIdiomPhone to SystemShellManaged
2026-08-25 15:06:44.434 Df quickapp_ios_simulator[40239:de2eb3] [com.apple.UIKit:KeyWindow] Key window needs update: 0; currentKeyWindowScene: 0x0; evaluatedKeyWindowScene: 0x107892c00; currentApplicationKeyWindow: 0x0; evaluatedApplicationKeyWindow: 0x0; reason: UIWindowScene: 0x107892c00: Window scene became target of keyboard environment
2026-08-25 15:06:44.434 Df quickapp_ios_simulator[40239:de2eb3] [com.apple.UIKit:InterfaceStyle] Not push traits update to screen for new style 1, <UIWindowScene: 0x107892c00> (1E476322-17C3-48A3-BCA4-59E74E71A8A1)
2026-08-25 15:06:44.435 Df quickapp_ios_simulator[40239:de2eb3] [com.apple.UIKit:InterfaceStyle] Not push traits update to screen for new style 1, <UIWindowScene: 0x107892c00> (1E476322-17C3-48A3-BCA4-59E74E71A8A1)
2026-08-25 15:06:44.435 Df quickapp_ios_simulator[40239:de2eb3] [com.apple.UIKit:InterfaceStyle] Not push traits update to screen for new style 1, <UIWindowScene: 0x107892c00> (1E476322-17C3-48A3-BCA4-59E74E71A8A1)
2026-08-25 15:06:44.457 Df quickapp_ios_simulator[40239:de2eb3] [com.apple.UIKit:Orientation] <UIWindowScene: 0x107892c00> (1E476322-17C3-48A3-BCA4-59E74E71A8A1) Scene updated orientation preferences: none -> ( Pu Ll Lr )
2026-08-25 15:06:44.463 Df quickapp_ios_simulator[40239:de2eb3] [com.apple.UIKit:KeyWindow] Key window API is scene-level: YES
2026-08-25 15:06:44.464 Df quickapp_ios_simulator[40239:de2eb3] [com.apple.UIKit:KeyWindow] UIWindowScene: 0x107892c00: Window became key in scene: UIWindow: 0x10418c800; contextId: 0x726F09A1: reason: UIWindowScene: 0x107892c00: Window requested to become key in scene: 0x10418c800
2026-08-25 15:06:44.464 Df quickapp_ios_simulator[40239:de2eb3] [com.apple.UIKit:KeyWindow] Key window needs update: 1; currentKeyWindowScene: 0x0; evaluatedKeyWindowScene: 0x107892c00; currentApplicationKeyWindow: 0x0; evaluatedApplicationKeyWindow: 0x10418c800; reason: UIWindowScene: 0x107892c00: Window requested to become key in scene: 0x10418c800
2026-08-25 15:06:44.464 Df quickapp_ios_simulator[40239:de2eb3] [com.apple.UIKit:KeyWindow] Window did become application key: UIWindow: 0x10418c800; contextId: 0x726F09A1; scene identity: com.apple.frontboard.systemappservices/FBSceneManager:sceneID%3Adev.quickappkit.ios.simulator-default
2026-08-25 15:06:44.464 Df quickapp_ios_simulator[40239:de2eb3] [com.apple.UIKit:EventDeferring] [0x10792f3a0] Begin local event deferring requested for token: 0x104045b60; environments: 1; reason: UIWindowScene: 0x107892c00: Begin event deferring in keyboardFocus for window: 0x10418c800
2026-08-25 15:06:44.465 Df quickapp_ios_simulator[40239:de2eb9] [com.apple.BackBoard:EventDelivery] policyStatus:<BKSHIDEventDeliveryPolicyObserver: 0x104044fc0; token: com.apple.frontboard.systemappservices/FBSceneManager:sceneID%3Adev.quickappkit.ios.simulator-default; status: ancestor> was:target
2026-08-25 15:06:44.465 Df quickapp_ios_simulator[40239:de2eb3] [com.apple.UIKit:InterfaceStyle] Not push traits update to screen for new style 1, <UIWindowScene: 0x107892c00> (1E476322-17C3-48A3-BCA4-59E74E71A8A1)
2026-08-25 15:06:44.465 Df quickapp_ios_simulator[40239:de2eb3] [com.apple.UIKit:AppLifecycle] sceneOfRecord: sceneID: sceneID:dev.quickappkit.ios.simulator-default  persistentID: 1E476322-17C3-48A3-BCA4-59E74E71A8A1
2026-08-25 15:06:44.466 Df quickapp_ios_simulator[40239:de2eb3] [com.apple.UIKit:Application] Ignoring already applied deactivation reason: 5; deactivation reasons: 2080
2026-08-25 15:06:44.466 Df quickapp_ios_simulator[40239:de2eb3] [com.apple.UIKit:Application] Deactivation reason added: 12; deactivation reasons: 2080 -> 6176; animating application lifecycle event: 1
2026-08-25 15:06:44.466 Df quickapp_ios_simulator[40239:de2eb3] [com.apple.UIKit:Application] Deactivation reason removed: 11; deactivation reasons: 6176 -> 4128; animating application lifecycle event: 1
2026-08-25 15:06:44.466 Df quickapp_ios_simulator[40239:de2eb3] [com.apple.FrontBoard:SceneExtension] Realizing settings extension <_UISceneIntelligenceSupportSettings> on FBSSceneSettings
2026-08-25 15:06:44.466 Df quickapp_ios_simulator[40239:de2ec5] [com.apple.UIIntelligenceSupport:xpc] establishing connection to agent
2026-08-25 15:06:44.466 Df quickapp_ios_simulator[40239:de2ec5] [com.apple.xpc:session] [0x1043a6ee0] Session created.
2026-08-25 15:06:44.466 Df quickapp_ios_simulator[40239:de2ec5] [com.apple.xpc:session] [0x1043a6ee0] Session created from connection [0x1079f0f00]
2026-08-25 15:06:44.466 Df quickapp_ios_simulator[40239:de2ec5] [com.apple.xpc:connection] [0x1079f0f00] activating connection: mach=true listener=false peer=false name=com.apple.uiintelligencesupport.agent
2026-08-25 15:06:44.466 Df quickapp_ios_simulator[40239:de2eb3] [com.apple.UIKit:InterfaceStyle] Not push traits update to screen for new style 1, <UIWindowScene: 0x107892c00> (1E476322-17C3-48A3-BCA4-59E74E71A8A1)
2026-08-25 15:06:44.466 Df quickapp_ios_simulator[40239:de2ec5] [com.apple.xpc:session] [0x1043a6ee0] Session activated
2026-08-25 15:06:44.468 Df quickapp_ios_simulator[40239:de2eb3] [com.apple.network:activity] Create activity from XPC object <nw_activity 50:1 [BAC2FF3F-23EE-4F93-A314-EA1295720B28] (reporting strategy default)>
2026-08-25 15:06:44.468 Df quickapp_ios_simulator[40239:de2eb3] [com.apple.network:activity] Create activity from XPC object <nw_activity 50:2 [9F352D1D-6C1E-4CDD-A52C-F5EF56207E13] (reporting strategy default)>
2026-08-25 15:06:44.468 Df quickapp_ios_simulator[40239:de2eb3] [com.apple.network:activity] Set activity <nw_activity 50:1 [BAC2FF3F-23EE-4F93-A314-EA1295720B28] (reporting strategy default)> as the global parent
2026-08-25 15:06:44.468 Df quickapp_ios_simulator[40239:de2eb3] [com.apple.UIKit:BackgroundTask] Ending background task with UIBackgroundTaskIdentifier: 1
2026-08-25 15:06:44.468 Df quickapp_ios_simulator[40239:de2eb3] [com.apple.UIKit:BackgroundTask] Ending task with identifier 1 and description: <_UIBackgroundTaskInfo: 0x104054ac0>: taskID = 1, taskName = Launch Background Task for Coalescing, creationTime = 881300 (elapsed = 0), _expireHandler: (null)
2026-08-25 15:06:44.468 Df quickapp_ios_simulator[40239:de2eb3] [com.apple.UIKit:BackgroundTask] Decrementing reference count for assertion <BKSProcessAssertion: 0x1038bdff0> (used by background task with identifier 1: <_UIBackgroundTaskInfo: 0x104054ac0>: taskID = 1, taskName = Launch Background Task for Coalescing, creationTime = 881300 (elapsed = 0))
2026-08-25 15:06:44.468 Df quickapp_ios_simulator[40239:de2eb3] [com.apple.UIKit:UpdateScheduler] Target list changed: <CADisplay:LCD PurpleMain>
2026-08-25 15:06:44.469 Df quickapp_ios_simulator[40239:de2eb3] [com.apple.UIKit:AppLifecycle] sceneOfRecord: sceneID: sceneID:dev.quickappkit.ios.simulator-default  persistentID: 1E476322-17C3-48A3-BCA4-59E74E71A8A1
2026-08-25 15:06:44.469 Df quickapp_ios_simulator[40239:de2eb3] [com.apple.UIKit:InterfaceStyle] Not push traits update to screen for new style 1, <UIWindowScene: 0x107892c00> (1E476322-17C3-48A3-BCA4-59E74E71A8A1)
2026-08-25 15:06:44.471 A  quickapp_ios_simulator[40239:de2eb9] (RunningBoardServices) didChangeInheritances
2026-08-25 15:06:44.473 A  quickapp_ios_simulator[40239:de2eb9] (RunningBoardServices) didChangeInheritances
2026-08-25 15:06:44.541 Df quickapp_ios_simulator[40239:de2eb3] [com.apple.UIKit:EventDeferring] [0x10792f3a0] Scene target of event deferring environments did update: scene: 0x107892c00; current systemShellManagesKeyboardFocus: 1; systemShellManagesKeyboardFocusForScene: 1; eligibleForRecordRemoval: 1;
2026-08-25 15:06:44.541 Df quickapp_ios_simulator[40239:de2eb3] [com.apple.UIKit:KeyWindow] Scene became target of keyboard event deferring environment: UIWindowScene: 0x107892c00; scene identity: com.apple.frontboard.systemappservices/FBSceneManager:sceneID%3Adev.quickappkit.ios.simulator-default
2026-08-25 15:06:44.541 Df quickapp_ios_simulator[40239:de2eb3] ios.showcase.window.bounds=<402.0,874.0> root.bounds=<402.0,778.0>
2026-08-25 15:06:44.541 Df quickapp_ios_simulator[40239:de2eb3] ios.a1.runtime.started rpk=/Users/qy/Library/Developer/CoreSimulator/Devices/8B0FB532-76A7-4656-B84B-8F7112745356/data/Containers/Bundle/Application/5C8EB060-9315-4E67-A87E-E72A1D058F8F/quickapp_ios_simulator.app/platform-001.rpk
2026-08-25 15:06:44.541 Df quickapp_ios_simulator[40239:de2eb3] [com.apple.Accessibility:AXCommon] Read Per-App on Init: Smart invert = (null)
2026-08-25 15:06:44.542 Df quickapp_ios_simulator[40239:de2eb3] [com.apple.FrontBoard:SceneExtension] Realizing settings extension SBUISecureRenderingSettingsExtension on FBSSceneSettings
2026-08-25 15:06:44.542 Df quickapp_ios_simulator[40239:de2eb3] [com.apple.UIKit:InterfaceStyle] Not push traits update to screen for new style 1, <UIWindowScene: 0x107892c00> (1E476322-17C3-48A3-BCA4-59E74E71A8A1)
2026-08-25 15:06:44.542 Df quickapp_ios_simulator[40239:de2eb3] [com.apple.UIKit:InterfaceStyle] Not push traits update to screen for new style 1, <UIWindowScene: 0x107892c00> (1E476322-17C3-48A3-BCA4-59E74E71A8A1)
2026-08-25 15:06:44.542 Df quickapp_ios_simulator[40239:de2eb3] [com.apple.UIKit:AppLifecycle] sceneOfRecord: sceneID: sceneID:dev.quickappkit.ios.simulator-default  persistentID: 1E476322-17C3-48A3-BCA4-59E74E71A8A1
2026-08-25 15:06:44.542 Df quickapp_ios_simulator[40239:de2eb3] [com.apple.UIKit:Application] Deactivation reason removed: 12; deactivation reasons: 4128 -> 32; animating application lifecycle event: 1
2026-08-25 15:06:44.542 Df quickapp_ios_simulator[40239:de2eb3] [com.apple.KeyboardArbiter:Client] Send setDeactivating: N (-DeactivationReason:SuspendedEventsOnly)
2026-08-25 15:06:44.543 Df quickapp_ios_simulator[40239:de2eb3] [com.apple.UIKit:Application] Deactivation reason removed: 5; deactivation reasons: 32 -> 0; animating application lifecycle event: 0
2026-08-25 15:06:44.544 Df quickapp_ios_simulator[40239:de2eb3] [com.apple.KeyboardArbiter:Client] startConnection
2026-08-25 15:06:44.544 Df quickapp_ios_simulator[40239:de2eb3] [com.apple.xpc:connection] [0x1079f0000] activating connection: mach=true listener=false peer=false name=com.apple.UIKit.KeyboardManagement.hosted
2026-08-25 15:06:44.545 Df quickapp_ios_simulator[40239:de2eb3] [com.apple.KeyboardArbiter:Client] handleKeyboardChange: set currentKeyboard:N (wasKeyboard:N)
2026-08-25 15:06:44.549 Df quickapp_ios_simulator[40239:de2eb3] [com.apple.UIKit:KeyboardSceneDelegate] forceReloadInputViews
2026-08-25 15:06:44.549 Df quickapp_ios_simulator[40239:de2eb3] [com.apple.UIKit:KeyboardSceneDelegate] Reloading input views for key-window scene responder: <(null): 0x0; > force:Y
2026-08-25 15:06:44.549 Df quickapp_ios_simulator[40239:de2eb3] [com.apple.UIKit:KeyboardArbiterClientLog] isWritingToolsHandlingKeyboardTracking:Y (WT ready:Y, Arbiter ready:Y)
2026-08-25 15:06:44.549 Df quickapp_ios_simulator[40239:de2eb3] ios.ui.surface.created surface=srf:1 frame=<0.0,0.0,402.0,778.0>
2026-08-25 15:06:44.557 Df quickapp_ios_simulator[40239:de2eb9] [com.apple.xpc:connection] [0x1079f0b40] activating connection: mach=true listener=false peer=false name=com.apple.fontservicesd
2026-08-25 15:06:44.560 Df quickapp_ios_simulator[40239:de2eb3] ios.ui.button.created surface=srf:1 node=node:6 text=<pending>
2026-08-25 15:06:44.560 Df quickapp_ios_simulator[40239:de2eb3] ios.ui.button.layout surface=srf:1 node=node:6 frame=<20.0,140.0,250.0,42.0> text=提示 enabled=1
2026-08-25 15:06:44.560 Df quickapp_ios_simulator[40239:de2eb3] ios.ui.button.created surface=srf:1 node=node:7 text=<pending>
2026-08-25 15:06:44.560 Df quickapp_ios_simulator[40239:de2eb3] ios.ui.button.layout surface=srf:1 node=node:7 frame=<20.0,196.0,250.0,42.0> text=读取本地状态 enabled=1
2026-08-25 15:06:44.561 Df quickapp_ios_simulator[40239:de2eb3] ios.ui.button.created surface=srf:1 node=node:8 text=<pending>
2026-08-25 15:06:44.561 Df quickapp_ios_simulator[40239:de2eb3] ios.ui.button.layout surface=srf:1 node=node:8 frame=<20.0,252.0,250.0,42.0> text=请求本地数据 enabled=1
2026-08-25 15:06:44.561 Df quickapp_ios_simulator[40239:de2eb3] ios.ui.mount.result surface=srf:1 revision=0 operations=51 mounted=1
2026-08-25 15:06:44.562 Df quickapp_ios_simulator[40239:de2eb3] ios.ui.surface.present target=srf:1 hidden=0 subviews=1
2026-08-25 15:06:44.575 Df quickapp_ios_simulator[40239:de2eb3] [PrototypeTools:domain] Not observing PTDefaults on customer install.
2026-08-25 15:06:44.577 A  quickapp_ios_simulator[40239:de2ec5] (RunningBoardServices) didChangeInheritances
2026-08-25 15:06:44.629 Df quickapp_ios_simulator[40239:de2eb3] [com.apple.network:activity] <nw_activity 50:1 [BAC2FF3F-23EE-4F93-A314-EA1295720B28] (global parent) (reporting strategy default) complete (reason success)> complete with reason 2 (success), duration 912ms
2026-08-25 15:06:44.629 Df quickapp_ios_simulator[40239:de2eb3] [com.apple.network:activity] <nw_activity 50:2 [9F352D1D-6C1E-4CDD-A52C-F5EF56207E13] (reporting strategy default) complete (reason success)> complete with reason 2 (success), duration 912ms
2026-08-25 15:06:44.629 Df quickapp_ios_simulator[40239:de2eb3] [com.apple.network:activity] Unsetting the global parent activity <nw_activity 50:1 [BAC2FF3F-23EE-4F93-A314-EA1295720B28] (global parent) (reporting strategy default) complete (reason success)>
2026-08-25 15:06:44.629 Df quickapp_ios_simulator[40239:de2eb3] [com.apple.network:activity] Unset the global parent activity
2026-08-25 15:06:44.629 Df quickapp_ios_simulator[40239:de2eb3] [com.apple.app_launch_measurement:ApplicationLaunch] alm_release_pageins_recording_assertion: releasing pageins recording assertion
2026-08-25 15:06:44.943 Df quickapp_ios_simulator[40239:de2ec5] [com.apple.UIKit:BackgroundTask] Ending background task with UIBackgroundTaskIdentifier: 2
2026-08-25 15:06:44.943 Df quickapp_ios_simulator[40239:de2ec5] [com.apple.UIKit:BackgroundTask] Ending task with identifier 2 and description: <_UIBackgroundTaskInfo: 0x10426a5c0>: taskID = 2, taskName = Persistent SceneSession Map Update, creationTime = 881300 (elapsed = 1), _expireHandler: <__NSGlobalBlock__: 0x1e78c84e8>
2026-08-25 15:06:44.943 Df quickapp_ios_simulator[40239:de2ec5] [com.apple.UIKit:BackgroundTask] Decrementing reference count for assertion <BKSProcessAssertion: 0x1038bdff0> (used by background task with identifier 2: <_UIBackgroundTaskInfo: 0x10426a5c0>: taskID = 2, taskName = Persistent SceneSession Map Update, creationTime = 881300 (elapsed = 1))
2026-08-25 15:06:44.944 Df quickapp_ios_simulator[40239:de2ec5] [com.apple.UIKit:BackgroundTask] Will invalidate assertion: <BKSProcessAssertion: 0x1038bdff0> for task identifier: 2
2026-08-25 15:06:45.047 A  quickapp_ios_simulator[40239:de2ec0] (RunningBoardServices) didChangeInheritances
2026-08-25 15:06:45.423 Df quickapp_ios_simulator[40239:de2eb3] [com.apple.BackBoard:Display] [FBSDisplaySource 1-1] silently connecting raw configuration: <FBSDisplayConfiguration: 0x1040e4900; Main; mode: "402x874@3x 60Hz p3 SDR">
2026-08-25 15:06:45.565 Df quickapp_ios_simulator[40239:de2eb3] ios.feature.probe.queued module=prompt method=confirm accepted=1
2026-08-25 15:06:45.565 Df quickapp_ios_simulator[40239:de2ecd] ios.feature.provider.invoke module=0 method=2 request=req:j-700000
2026-08-25 15:06:45.566 Df quickapp_ios_simulator[40239:de2ecd] ios.feature.provider.result request=req:j-700000 surface=srf:1 status=cancelled
