Timestamp               Ty Process[PID:TID]
2026-08-25 15:07:11.503 Df quickapp_ios_simulator[40452:de333e] (libMobileGestalt.dylib) No persisted cache on this platform.
2026-08-25 15:07:11.504 Df quickapp_ios_simulator[40452:de3341] [com.apple.xpc:connection] [0x1024e2040] activating connection: mach=true listener=false peer=false name=com.apple.cfprefsd.daemon
2026-08-25 15:07:11.504 Df quickapp_ios_simulator[40452:de3344] [com.apple.BoardServices:XPCErrors] [C:1] Alloc com.apple.frontboard.systemappservices
2026-08-25 15:07:11.505 Df quickapp_ios_simulator[40452:de3344] [com.apple.xpc:connection] [0x1024e9510] activating connection: mach=false listener=false peer=false name=(anonymous)
2026-08-25 15:07:11.506 Df quickapp_ios_simulator[40452:de3341] [com.apple.UIKit:BackgroundTask] Creating new assertion because there is no existing background assertion.
2026-08-25 15:07:11.507 A  quickapp_ios_simulator[40452:de3343] (CoreFoundation) Loading Preferences From User Session CFPrefsD
2026-08-25 15:07:11.510 Df quickapp_ios_simulator[40452:de3341] [com.apple.UIKit:BackgroundTask] Creating new background assertion
2026-08-25 15:07:11.510 Df quickapp_ios_simulator[40452:de3341] [com.apple.UIKit:BackgroundTask] Created new background assertion <BKSProcessAssertion: 0x1024e26e0>
2026-08-25 15:07:11.510 Df quickapp_ios_simulator[40452:de3341] [com.apple.runningboard:connection] Initializing connection
2026-08-25 15:07:11.510 Df quickapp_ios_simulator[40452:de3341] [com.apple.runningboard:process] Removing all cached process handles
2026-08-25 15:07:11.510 Df quickapp_ios_simulator[40452:de3348] [com.apple.runningboard:connection] Sending handshake request attempt #1 to server
2026-08-25 15:07:11.510 Df quickapp_ios_simulator[40452:de3348] [com.apple.runningboard:connection] Creating connection to com.apple.runningboard
2026-08-25 15:07:11.510 Df quickapp_ios_simulator[40452:de3348] [com.apple.xpc:connection] [0x102d3c280] activating connection: mach=true listener=false peer=false name=com.apple.runningboard
2026-08-25 15:07:11.511 A  quickapp_ios_simulator[40452:de3344] (RunningBoardServices) didChangeInheritances
2026-08-25 15:07:11.511 Df quickapp_ios_simulator[40452:de333e] [com.apple.UIKit:Application] Deactivation reason added: 10; deactivation reasons: 0 -> 1024; animating application lifecycle event: 0
2026-08-25 15:07:11.511 Df quickapp_ios_simulator[40452:de333e] [com.apple.BoardServices:Injection] activating monitor for service com.apple.frontboard.open
2026-08-25 15:07:11.511 Df quickapp_ios_simulator[40452:de333e] [com.apple.BoardServices:Injection] activating monitor for service com.apple.frontboard.workspace-service
2026-08-25 15:07:11.511 Df quickapp_ios_simulator[40452:de3348] [com.apple.runningboard:connection] Handshake succeeded
2026-08-25 15:07:11.511 Df quickapp_ios_simulator[40452:de3348] [com.apple.runningboard:connection] Identity resolved as app<dev.quickappkit.ios.simulator((null))>
2026-08-25 15:07:11.512 Df quickapp_ios_simulator[40452:de3341] [com.apple.UIKit:BackgroundTask] Incrementing reference count for background assertion <BKSProcessAssertion: 0x1024e26e0>
2026-08-25 15:07:11.512 Df quickapp_ios_simulator[40452:de3341] [com.apple.UIKit:BackgroundTask] Created background task <_UIBackgroundTaskInfo: 0x102c54940>: taskID = 1, taskName = Launch Background Task for Coalescing, creationTime = 881327 (elapsed = 0).
2026-08-25 15:07:11.512 Df quickapp_ios_simulator[40452:de3341] [com.apple.FrontBoard:SceneExtension] Realizing settings extension _UIApplicationSceneKeyboardSettings on FBSSceneSettings
2026-08-25 15:07:11.512 Df quickapp_ios_simulator[40452:de333e] [com.apple.FrontBoard:Common] FBSWorkspace registering source: com.apple.frontboard.systemappservices
2026-08-25 15:07:11.513 Df quickapp_ios_simulator[40452:de3341] [com.apple.FrontBoard:SceneExtension] Realizing settings extension <_UISceneOcclusionSettings> on FBSSceneSettings
2026-08-25 15:07:11.513 Df quickapp_ios_simulator[40452:de3341] [com.apple.FrontBoard:SceneExtension] Realizing settings extension <_UISceneInterfaceProtectionSettings> on FBSSceneSettings
2026-08-25 15:07:11.513 Df quickapp_ios_simulator[40452:de333e] [com.apple.FrontBoard:Common] FBSWorkspace connected to endpoint : <BSServiceConnectionEndpoint: 0x102d007e0; target: com.apple.frontboard.systemappservices; service: com.apple.frontboard.workspace-service>
2026-08-25 15:07:11.513 Df quickapp_ios_simulator[40452:de333e] [com.apple.FrontBoard:Common] <FBSWorkspaceScenesClient:0x102ce4280 com.apple.frontboard.systemappservices> attempting immediate handshake from activate
2026-08-25 15:07:11.513 Df quickapp_ios_simulator[40452:de3341] [com.apple.FrontBoard:SceneExtension] Realizing settings extension _UISceneLayoutPreferencesHostSettingsExtension on FBSSceneSettings
2026-08-25 15:07:11.513 Df quickapp_ios_simulator[40452:de3341] [com.apple.FrontBoard:SceneExtension] Realizing settings extension _UISceneSafeAreaSettingsExtension on FBSSceneSettings
2026-08-25 15:07:11.513 Df quickapp_ios_simulator[40452:de333e] [com.apple.FrontBoard:Common] <FBSWorkspaceScenesClient:0x102ce4280 com.apple.frontboard.systemappservices> sent handshake
2026-08-25 15:07:11.513 Df quickapp_ios_simulator[40452:de333e] [com.apple.runningboard:general] Added observer for process assertions expiration warning: <_RBSExpirationWarningClient: 0x102d01180>
2026-08-25 15:07:11.513 Df quickapp_ios_simulator[40452:de3341] [com.apple.FrontBoard:SceneExtension] Realizing settings extension _UISceneLayoutPreferenceClientSettingsExtension on FBSSceneClientSettings
2026-08-25 15:07:11.514 Df quickapp_ios_simulator[40452:de3341] [com.apple.FrontBoard:SceneExtension] Realizing settings extension <_UIHomeAffordanceHostSceneSettings> on FBSSceneSettings
2026-08-25 15:07:11.514 Df quickapp_ios_simulator[40452:de3341] [com.apple.FrontBoard:SceneExtension] Realizing settings extension _UISystemShellSceneHostingEnvironmentSettings on FBSSceneSettings
2026-08-25 15:07:11.514 Df quickapp_ios_simulator[40452:de3341] [com.apple.FrontBoard:SceneExtension] Realizing settings extension _UISceneRenderingEnvironmentSettings on FBSSceneSettings
2026-08-25 15:07:11.514 Df quickapp_ios_simulator[40452:de3341] [com.apple.FrontBoard:SceneExtension] Realizing settings extension <_UISceneRenderingEnvironmentClientSettings> on FBSSceneClientSettings
2026-08-25 15:07:11.514 Df quickapp_ios_simulator[40452:de3341] [com.apple.FrontBoard:SceneExtension] Realizing settings extension <_UISceneTransitioningHostSettings> on FBSSceneSettings
2026-08-25 15:07:11.515 Df quickapp_ios_simulator[40452:de3341] [com.apple.FrontBoard:SceneExtension] Realizing settings extension <_UISceneFocusSystemSettings> on FBSSceneSettings
2026-08-25 15:07:11.515 Df quickapp_ios_simulator[40452:de3341] [com.apple.FrontBoard:SceneExtension] Realizing settings extension _UISceneOrientationSettingsExtension on FBSSceneSettings
2026-08-25 15:07:11.515 Df quickapp_ios_simulator[40452:de3341] [com.apple.FrontBoard:SceneExtension] Realizing settings extension _UISceneOrientationClientSettingsExtension on FBSSceneClientSettings
2026-08-25 15:07:11.515 Df quickapp_ios_simulator[40452:de3341] [com.apple.FrontBoard:SceneExtension] Realizing settings extension _UISceneWindowingControlClientSettings on FBSSceneClientSettings
2026-08-25 15:07:11.515 Df quickapp_ios_simulator[40452:de3341] [com.apple.FrontBoard:SceneExtension] Realizing settings extension <_UISceneHostingContentSizePreferenceClientSettings> on FBSSceneClientSettings
2026-08-25 15:07:11.515 Df quickapp_ios_simulator[40452:de3341] [com.apple.FrontBoard:SceneExtension] Realizing settings extension _UISceneHostingTraitCollectionPropagationSettings on FBSSceneSettings
2026-08-25 15:07:11.515 Df quickapp_ios_simulator[40452:de3341] [com.apple.FrontBoard:SceneExtension] Realizing settings extension <_UISceneHostingSheetPresentationSettings> on FBSSceneSettings
2026-08-25 15:07:11.516 Df quickapp_ios_simulator[40452:de3341] [com.apple.FrontBoard:SceneExtension] Realizing settings extension <_UISceneHostingSheetPresentationClientSettings> on FBSSceneClientSettings
2026-08-25 15:07:11.516 Df quickapp_ios_simulator[40452:de3341] [com.apple.FrontBoard:SceneExtension] Realizing settings extension <_UISceneHostingEventDeferringSettings> on FBSSceneSettings
2026-08-25 15:07:11.516 Df quickapp_ios_simulator[40452:de3341] [com.apple.FrontBoard:SceneExtension] Realizing settings extension <UIKit__UITypedKeyValueSceneSettings> on FBSSceneSettings
2026-08-25 15:07:11.516 Df quickapp_ios_simulator[40452:de3341] [com.apple.FrontBoard:SceneExtension] Realizing settings extension <UIKit__UITypedKeyValueSceneSettings> on FBSSceneClientSettings
2026-08-25 15:07:11.516 Df quickapp_ios_simulator[40452:de3341] [com.apple.FrontBoard:SceneExtension] Realizing settings extension <_UISceneHostingViewControllerPreferencePropagationClientSettings> on FBSSceneClientSettings
2026-08-25 15:07:11.516 Df quickapp_ios_simulator[40452:de3341] [com.apple.FrontBoard:SceneExtension] Realizing settings extension <_UISceneZoomTransitionSettings> on FBSSceneSettings
2026-08-25 15:07:11.516 Df quickapp_ios_simulator[40452:de333e] [com.apple.UIKit:UIScreen] Evaluated capturing state as 0 on <UIScreen: 0x102d3c500> for initial
2026-08-25 15:07:11.516 Df quickapp_ios_simulator[40452:de3344] [com.apple.FrontBoard:SceneExtension] Realizing settings extension FBSSceneSettingsCore on FBSSceneSettings
2026-08-25 15:07:11.517 Df quickapp_ios_simulator[40452:de333e] [com.apple.UIKit:UIScreen] Evaluated capturing state as 0 on <UIScreen: 0x102d3c500> for CADisplay KVO
2026-08-25 15:07:11.517 Df quickapp_ios_simulator[40452:de3344] [com.apple.FrontBoard:SceneExtension] Realizing settings extension FBSSceneClientSettingsCore on FBSSceneClientSettings
2026-08-25 15:07:11.519 Df quickapp_ios_simulator[40452:de333e] [com.apple.Accessibility:AXSupportCommon] Read CategoryName: per-app = 1, category name = (null)
2026-08-25 15:07:11.519 Df quickapp_ios_simulator[40452:de333e] [com.apple.Accessibility:AXSupportCommon] Read CategoryName: per-app = 0, category name = (null)
2026-08-25 15:07:11.521 Df quickapp_ios_simulator[40452:de3344] [com.apple.FrontBoard:SceneExtension] UIMutableApplicationSceneSettings setting counterpart class: UIApplicationSceneSettings
2026-08-25 15:07:11.525 Df quickapp_ios_simulator[40452:de3344] [com.apple.FrontBoard:SceneExtension] UIMutableApplicationSceneClientSettings setting counterpart class: UIApplicationSceneClientSettings
2026-08-25 15:07:11.525 Df quickapp_ios_simulator[40452:de3344] [com.apple.FrontBoard:SceneExtension] Realizing settings extension FBSSceneTransitionContextCore on FBSSceneTransitionContext
2026-08-25 15:07:11.917 A  quickapp_ios_simulator[40452:de3341] (CoreFoundation) Updating Key-Value Observers Of Preferences
2026-08-25 15:07:11.924 Df quickapp_ios_simulator[40452:de333e] [com.apple.dt.xctest:Default] Registering for test daemon availability notify post.
2026-08-25 15:07:11.924 Df quickapp_ios_simulator[40452:de333e] [com.apple.dt.xctest:Default] notify_get_state check indicated test daemon not ready.
2026-08-25 15:07:11.924 Df quickapp_ios_simulator[40452:de333e] [com.apple.dt.xctest:Default] notify_get_state check indicated test daemon not ready.
2026-08-25 15:07:11.924 Df quickapp_ios_simulator[40452:de333e] [com.apple.dt.xctest:Default] notify_get_state check indicated test daemon not ready.
2026-08-25 15:07:11.925 Df quickapp_ios_simulator[40452:de333e] [com.apple.UIKit:Application] Deactivation reason added: 11; deactivation reasons: 1024 -> 3072; animating application lifecycle event: 0
2026-08-25 15:07:11.925 Df quickapp_ios_simulator[40452:de333e] [com.apple.UIKit:Application] Deactivation reason removed: 10; deactivation reasons: 3072 -> 2048; animating application lifecycle event: 0
2026-08-25 15:07:11.926 Df quickapp_ios_simulator[40452:de333e] [com.apple.UIKit:EventBus] Event Timing Profile for Touch: not found, path="/System/Library/EventTimingProfiles/Sim.Touch.plist"
2026-08-25 15:07:11.926 Df quickapp_ios_simulator[40452:de333e] [com.apple.UIKit:EventBus] Event Timing Profile for Pencil: not found, path="/System/Library/EventTimingProfiles/Sim.Pencil.plist"
2026-08-25 15:07:11.926 Df quickapp_ios_simulator[40452:de333e] [com.apple.UIKit:UpdateScheduler] Selected display: name=LCD (PurpleMain), id=1
2026-08-25 15:07:11.929 Df quickapp_ios_simulator[40452:de333e] [com.apple.xpc:connection] [0x102d3cdc0] activating connection: mach=true listener=false peer=false name=com.apple.lsd.mapdb
2026-08-25 15:07:11.975 Df quickapp_ios_simulator[40452:de333e] [com.apple.BoardServices:XPCErrors] [C:2] Alloc com.apple.backboard.hid-services.xpc
2026-08-25 15:07:11.975 Df quickapp_ios_simulator[40452:de333e] [com.apple.xpc:connection] [0x102d3c8c0] activating connection: mach=false listener=false peer=false name=(anonymous)
2026-08-25 15:07:11.976 Df quickapp_ios_simulator[40452:de3345] [com.apple.BackBoard:EventDelivery] BKSHIDEventDeliveryManager - connection activation
2026-08-25 15:07:11.976 Df quickapp_ios_simulator[40452:de333e] [com.apple.app_launch_measurement:ApplicationLaunch] alm_acquire_pageins_recording_assertion: acquired pageins recording assertion!
2026-08-25 15:07:11.978 Df quickapp_ios_simulator[40452:de333e] [com.apple.UIKit:BackgroundTask] Will add backgroundTask with taskName: Persistent SceneSession Map Update, expirationHandler: <__NSGlobalBlock__: 0x1e78c84e8>
2026-08-25 15:07:11.978 Df quickapp_ios_simulator[40452:de333e] [com.apple.UIKit:BackgroundTask] Reusing background assertion <BKSProcessAssertion: 0x1024e26e0>
2026-08-25 15:07:11.978 Df quickapp_ios_simulator[40452:de333e] [com.apple.UIKit:BackgroundTask] Incrementing reference count for background assertion <BKSProcessAssertion: 0x1024e26e0>
2026-08-25 15:07:11.978 Df quickapp_ios_simulator[40452:de333e] [com.apple.UIKit:BackgroundTask] Created background task <_UIBackgroundTaskInfo: 0x106495d80>: taskID = 2, taskName = Persistent SceneSession Map Update, creationTime = 881328 (elapsed = 0).
2026-08-25 15:07:11.979 Df quickapp_ios_simulator[40452:de333e] [com.apple.UIKit:Application] Deactivation reason added: 5; deactivation reasons: 2048 -> 2080; animating application lifecycle event: 1
2026-08-25 15:07:11.979 Df quickapp_ios_simulator[40452:de333e] [com.apple.UIKit:InterfaceStyle] Should send trait collection or coordinate space update, interface style 1 -> 1, <UIWindowScene: 0x106482c00> (1E476322-17C3-48A3-BCA4-59E74E71A8A1)
2026-08-25 15:07:11.979 Df quickapp_ios_simulator[40452:de333e] [com.apple.UIKit:InterfaceStyle] Not push traits update to screen for new style 1, <UIWindowScene: 0x106482c00> (1E476322-17C3-48A3-BCA4-59E74E71A8A1)
2026-08-25 15:07:11.979 Df quickapp_ios_simulator[40452:de333e] [com.apple.UIKit:HomeAffordanceObservation] Initializing: <_UIHomeAffordanceSceneNotifier: 0x106527410>; with scene: <UIWindowScene: 0x106482c00>
2026-08-25 15:07:11.979 Df quickapp_ios_simulator[40452:de333e] [com.apple.BacklightServices:scenes] 0x10658af10 setDelegate:<0x10658b8d0 _UIBacklightEnvironment> hasDelegate:YES for environment:sceneID:dev.quickappkit.ios.simulator-default
2026-08-25 15:07:11.980 Df quickapp_ios_simulator[40452:de333e] [com.apple.UIKit:InterfaceStyle] Not push traits update to screen for new style 1, <UIWindowScene: 0x106482c00> (1E476322-17C3-48A3-BCA4-59E74E71A8A1)
2026-08-25 15:07:11.980 Df quickapp_ios_simulator[40452:de333e] [com.apple.UIKit:EventDeferring] [0x1065273a0] Initialized with scene: <UIWindowScene: 0x106482c00>; behavior: <_UIEventDeferringBehavior_iOS: 0x1064c6ce0>; availableForProcess: 1, systemShellManagesKeyboardFocus: 1
2026-08-25 15:07:11.981 Df quickapp_ios_simulator[40452:de3345] [com.apple.BackBoard:EventDelivery] BKSHIDEventObserver - connection activation
2026-08-25 15:07:11.981 Df quickapp_ios_simulator[40452:de333e] [com.apple.BackBoard:EventDelivery] policyStatus:<BKSHIDEventDeliveryPolicyObserver: 0x102df6e20; process scope; status: target> was:none
2026-08-25 15:07:11.981 Df quickapp_ios_simulator[40452:de333e] [com.apple.UIKit:KeyWindow] Setting default evaluation strategy for UIUserInterfaceIdiomPhone to LastOneWins
2026-08-25 15:07:11.981 Df quickapp_ios_simulator[40452:de333e] [com.apple.UIKit:KeyWindow] Scene target of keyboard event deferring environment did change: 1; scene: UIWindowScene: 0x106482c00; scene identity: com.apple.frontboard.systemappservices/FBSceneManager:sceneID%3Adev.quickappkit.ios.simulator-default
2026-08-25 15:07:11.981 Df quickapp_ios_simulator[40452:de333e] [com.apple.UIKit:EventDeferring] [0x1065273a0] Scene target of event deferring environments did update: scene: 0x106482c00; current systemShellManagesKeyboardFocus: 1; systemShellManagesKeyboardFocusForScene: 1; eligibleForRecordRemoval: 1;
2026-08-25 15:07:11.981 Df quickapp_ios_simulator[40452:de333e] [com.apple.UIKit:KeyWindow] Scene became target of keyboard event deferring environment: UIWindowScene: 0x106482c00; scene identity: com.apple.frontboard.systemappservices/FBSceneManager:sceneID%3Adev.quickappkit.ios.simulator-default
2026-08-25 15:07:11.981 Df quickapp_ios_simulator[40452:de333e] [com.apple.UIKit:KeyWindow] Stack[KeyWindow] 0x10658b6c0: Taking no further action for migration from LastOneWins -> SystemShellManaged as there are no scenes
2026-08-25 15:07:11.981 Df quickapp_ios_simulator[40452:de333e] [com.apple.UIKit:KeyWindow] Setting default evaluation strategy for UIUserInterfaceIdiomPhone to SystemShellManaged
2026-08-25 15:07:11.981 Df quickapp_ios_simulator[40452:de333e] [com.apple.UIKit:KeyWindow] Key window needs update: 0; currentKeyWindowScene: 0x0; evaluatedKeyWindowScene: 0x106482c00; currentApplicationKeyWindow: 0x0; evaluatedApplicationKeyWindow: 0x0; reason: UIWindowScene: 0x106482c00: Window scene became target of keyboard environment
2026-08-25 15:07:11.981 Df quickapp_ios_simulator[40452:de333e] [com.apple.UIKit:InterfaceStyle] Not push traits update to screen for new style 1, <UIWindowScene: 0x106482c00> (1E476322-17C3-48A3-BCA4-59E74E71A8A1)
2026-08-25 15:07:11.981 Df quickapp_ios_simulator[40452:de333e] [com.apple.UIKit:InterfaceStyle] Not push traits update to screen for new style 1, <UIWindowScene: 0x106482c00> (1E476322-17C3-48A3-BCA4-59E74E71A8A1)
2026-08-25 15:07:11.982 Df quickapp_ios_simulator[40452:de333e] [com.apple.UIKit:InterfaceStyle] Not push traits update to screen for new style 1, <UIWindowScene: 0x106482c00> (1E476322-17C3-48A3-BCA4-59E74E71A8A1)
2026-08-25 15:07:12.003 Df quickapp_ios_simulator[40452:de333e] [com.apple.UIKit:Orientation] <UIWindowScene: 0x106482c00> (1E476322-17C3-48A3-BCA4-59E74E71A8A1) Scene updated orientation preferences: none -> ( Pu Ll Lr )
2026-08-25 15:07:12.009 Df quickapp_ios_simulator[40452:de333e] [com.apple.UIKit:KeyWindow] Key window API is scene-level: YES
2026-08-25 15:07:12.009 Df quickapp_ios_simulator[40452:de333e] [com.apple.UIKit:KeyWindow] UIWindowScene: 0x106482c00: Window became key in scene: UIWindow: 0x102d80800; contextId: 0xB6FAB0FA: reason: UIWindowScene: 0x106482c00: Window requested to become key in scene: 0x102d80800
2026-08-25 15:07:12.009 Df quickapp_ios_simulator[40452:de333e] [com.apple.UIKit:KeyWindow] Key window needs update: 1; currentKeyWindowScene: 0x0; evaluatedKeyWindowScene: 0x106482c00; currentApplicationKeyWindow: 0x0; evaluatedApplicationKeyWindow: 0x102d80800; reason: UIWindowScene: 0x106482c00: Window requested to become key in scene: 0x102d80800
2026-08-25 15:07:12.009 Df quickapp_ios_simulator[40452:de333e] [com.apple.UIKit:KeyWindow] Window did become application key: UIWindow: 0x102d80800; contextId: 0xB6FAB0FA; scene identity: com.apple.frontboard.systemappservices/FBSceneManager:sceneID%3Adev.quickappkit.ios.simulator-default
2026-08-25 15:07:12.009 Df quickapp_ios_simulator[40452:de333e] [com.apple.UIKit:EventDeferring] [0x1065273a0] Begin local event deferring requested for token: 0x102df6d60; environments: 1; reason: UIWindowScene: 0x106482c00: Begin event deferring in keyboardFocus for window: 0x102d80800
2026-08-25 15:07:12.010 Df quickapp_ios_simulator[40452:de3348] [com.apple.BackBoard:EventDelivery] policyStatus:<BKSHIDEventDeliveryPolicyObserver: 0x102df6e20; token: com.apple.frontboard.systemappservices/FBSceneManager:sceneID%3Adev.quickappkit.ios.simulator-default; status: ancestor> was:target
2026-08-25 15:07:12.011 Df quickapp_ios_simulator[40452:de333e] [com.apple.UIKit:InterfaceStyle] Not push traits update to screen for new style 1, <UIWindowScene: 0x106482c00> (1E476322-17C3-48A3-BCA4-59E74E71A8A1)
2026-08-25 15:07:12.011 Df quickapp_ios_simulator[40452:de333e] [com.apple.UIKit:AppLifecycle] sceneOfRecord: sceneID: sceneID:dev.quickappkit.ios.simulator-default  persistentID: 1E476322-17C3-48A3-BCA4-59E74E71A8A1
2026-08-25 15:07:12.011 Df quickapp_ios_simulator[40452:de333e] [com.apple.UIKit:Application] Ignoring already applied deactivation reason: 5; deactivation reasons: 2080
2026-08-25 15:07:12.011 Df quickapp_ios_simulator[40452:de333e] [com.apple.UIKit:Application] Deactivation reason added: 12; deactivation reasons: 2080 -> 6176; animating application lifecycle event: 1
2026-08-25 15:07:12.011 Df quickapp_ios_simulator[40452:de333e] [com.apple.UIKit:Application] Deactivation reason removed: 11; deactivation reasons: 6176 -> 4128; animating application lifecycle event: 1
2026-08-25 15:07:12.011 Df quickapp_ios_simulator[40452:de333e] [com.apple.FrontBoard:SceneExtension] Realizing settings extension <_UISceneIntelligenceSupportSettings> on FBSSceneSettings
2026-08-25 15:07:12.012 Df quickapp_ios_simulator[40452:de3345] [com.apple.UIIntelligenceSupport:xpc] establishing connection to agent
2026-08-25 15:07:12.012 Df quickapp_ios_simulator[40452:de3345] [com.apple.xpc:session] [0x102f9b070] Session created.
2026-08-25 15:07:12.012 Df quickapp_ios_simulator[40452:de3345] [com.apple.xpc:session] [0x102f9b070] Session created from connection [0x1065e0a00]
2026-08-25 15:07:12.012 Df quickapp_ios_simulator[40452:de3345] [com.apple.xpc:connection] [0x1065e0a00] activating connection: mach=true listener=false peer=false name=com.apple.uiintelligencesupport.agent
2026-08-25 15:07:12.012 Df quickapp_ios_simulator[40452:de3345] [com.apple.xpc:session] [0x102f9b070] Session activated
2026-08-25 15:07:12.012 Df quickapp_ios_simulator[40452:de333e] [com.apple.UIKit:InterfaceStyle] Not push traits update to screen for new style 1, <UIWindowScene: 0x106482c00> (1E476322-17C3-48A3-BCA4-59E74E71A8A1)
2026-08-25 15:07:12.014 Df quickapp_ios_simulator[40452:de333e] [com.apple.network:activity] Create activity from XPC object <nw_activity 50:1 [5AD03A9C-F45A-410F-9FC6-934CED6374A7] (reporting strategy default)>
2026-08-25 15:07:12.014 Df quickapp_ios_simulator[40452:de333e] [com.apple.network:activity] Create activity from XPC object <nw_activity 50:2 [2EF956A7-3069-4D3B-B8BA-478EC5E37E3C] (reporting strategy default)>
2026-08-25 15:07:12.014 Df quickapp_ios_simulator[40452:de333e] [com.apple.network:activity] Set activity <nw_activity 50:1 [5AD03A9C-F45A-410F-9FC6-934CED6374A7] (reporting strategy default)> as the global parent
2026-08-25 15:07:12.014 Df quickapp_ios_simulator[40452:de333e] [com.apple.UIKit:BackgroundTask] Ending background task with UIBackgroundTaskIdentifier: 1
2026-08-25 15:07:12.014 Df quickapp_ios_simulator[40452:de333e] [com.apple.UIKit:BackgroundTask] Ending task with identifier 1 and description: <_UIBackgroundTaskInfo: 0x102c54940>: taskID = 1, taskName = Launch Background Task for Coalescing, creationTime = 881327 (elapsed = 1), _expireHandler: (null)
2026-08-25 15:07:12.014 Df quickapp_ios_simulator[40452:de333e] [com.apple.UIKit:BackgroundTask] Decrementing reference count for assertion <BKSProcessAssertion: 0x1024e26e0> (used by background task with identifier 1: <_UIBackgroundTaskInfo: 0x102c54940>: taskID = 1, taskName = Launch Background Task for Coalescing, creationTime = 881327 (elapsed = 1))
2026-08-25 15:07:12.014 Df quickapp_ios_simulator[40452:de333e] [com.apple.UIKit:UpdateScheduler] Target list changed: <CADisplay:LCD PurpleMain>
2026-08-25 15:07:12.014 Df quickapp_ios_simulator[40452:de333e] [com.apple.UIKit:AppLifecycle] sceneOfRecord: sceneID: sceneID:dev.quickappkit.ios.simulator-default  persistentID: 1E476322-17C3-48A3-BCA4-59E74E71A8A1
2026-08-25 15:07:12.015 Df quickapp_ios_simulator[40452:de333e] [com.apple.UIKit:InterfaceStyle] Not push traits update to screen for new style 1, <UIWindowScene: 0x106482c00> (1E476322-17C3-48A3-BCA4-59E74E71A8A1)
2026-08-25 15:07:12.028 A  quickapp_ios_simulator[40452:de3348] (RunningBoardServices) didChangeInheritances
2026-08-25 15:07:12.030 A  quickapp_ios_simulator[40452:de3348] (RunningBoardServices) didChangeInheritances
2026-08-25 15:07:12.085 Df quickapp_ios_simulator[40452:de333e] [com.apple.UIKit:EventDeferring] [0x1065273a0] Scene target of event deferring environments did update: scene: 0x106482c00; current systemShellManagesKeyboardFocus: 1; systemShellManagesKeyboardFocusForScene: 1; eligibleForRecordRemoval: 1;
2026-08-25 15:07:12.085 Df quickapp_ios_simulator[40452:de333e] [com.apple.UIKit:KeyWindow] Scene became target of keyboard event deferring environment: UIWindowScene: 0x106482c00; scene identity: com.apple.frontboard.systemappservices/FBSceneManager:sceneID%3Adev.quickappkit.ios.simulator-default
2026-08-25 15:07:12.086 Df quickapp_ios_simulator[40452:de333e] ios.showcase.window.bounds=<402.0,874.0> root.bounds=<402.0,778.0>
2026-08-25 15:07:12.086 Df quickapp_ios_simulator[40452:de333e] ios.a1.runtime.started rpk=/Users/qy/Library/Developer/CoreSimulator/Devices/8B0FB532-76A7-4656-B84B-8F7112745356/data/Containers/Bundle/Application/5C8EB060-9315-4E67-A87E-E72A1D058F8F/quickapp_ios_simulator.app/platform-001.rpk
2026-08-25 15:07:12.086 Df quickapp_ios_simulator[40452:de333e] [com.apple.FrontBoard:SceneExtension] Realizing settings extension SBUISecureRenderingSettingsExtension on FBSSceneSettings
2026-08-25 15:07:12.086 Df quickapp_ios_simulator[40452:de333e] [com.apple.UIKit:InterfaceStyle] Not push traits update to screen for new style 1, <UIWindowScene: 0x106482c00> (1E476322-17C3-48A3-BCA4-59E74E71A8A1)
2026-08-25 15:07:12.087 Df quickapp_ios_simulator[40452:de333e] [com.apple.UIKit:InterfaceStyle] Not push traits update to screen for new style 1, <UIWindowScene: 0x106482c00> (1E476322-17C3-48A3-BCA4-59E74E71A8A1)
2026-08-25 15:07:12.087 Df quickapp_ios_simulator[40452:de333e] [com.apple.UIKit:AppLifecycle] sceneOfRecord: sceneID: sceneID:dev.quickappkit.ios.simulator-default  persistentID: 1E476322-17C3-48A3-BCA4-59E74E71A8A1
2026-08-25 15:07:12.087 Df quickapp_ios_simulator[40452:de333e] [com.apple.UIKit:Application] Deactivation reason removed: 12; deactivation reasons: 4128 -> 32; animating application lifecycle event: 1
2026-08-25 15:07:12.087 Df quickapp_ios_simulator[40452:de333e] [com.apple.KeyboardArbiter:Client] Send setDeactivating: N (-DeactivationReason:SuspendedEventsOnly)
2026-08-25 15:07:12.087 Df quickapp_ios_simulator[40452:de333e] [com.apple.UIKit:Application] Deactivation reason removed: 5; deactivation reasons: 32 -> 0; animating application lifecycle event: 0
2026-08-25 15:07:12.088 Df quickapp_ios_simulator[40452:de333e] [com.apple.Accessibility:AXCommon] Read Per-App on Init: Smart invert = (null)
2026-08-25 15:07:12.088 Df quickapp_ios_simulator[40452:de333e] [com.apple.KeyboardArbiter:Client] startConnection
2026-08-25 15:07:12.088 Df quickapp_ios_simulator[40452:de333e] [com.apple.xpc:connection] [0x1065e0640] activating connection: mach=true listener=false peer=false name=com.apple.UIKit.KeyboardManagement.hosted
2026-08-25 15:07:12.089 Df quickapp_ios_simulator[40452:de333e] [com.apple.KeyboardArbiter:Client] handleKeyboardChange: set currentKeyboard:N (wasKeyboard:N)
2026-08-25 15:07:12.093 Df quickapp_ios_simulator[40452:de333e] [com.apple.UIKit:KeyboardSceneDelegate] forceReloadInputViews
2026-08-25 15:07:12.093 Df quickapp_ios_simulator[40452:de333e] [com.apple.UIKit:KeyboardSceneDelegate] Reloading input views for key-window scene responder: <(null): 0x0; > force:Y
2026-08-25 15:07:12.093 Df quickapp_ios_simulator[40452:de333e] [com.apple.UIKit:KeyboardArbiterClientLog] isWritingToolsHandlingKeyboardTracking:Y (WT ready:Y, Arbiter ready:Y)
2026-08-25 15:07:12.093 Df quickapp_ios_simulator[40452:de333e] ios.ui.surface.created surface=srf:1 frame=<0.0,0.0,402.0,778.0>
2026-08-25 15:07:12.101 Df quickapp_ios_simulator[40452:de3345] [com.apple.xpc:connection] [0x1065e08c0] activating connection: mach=true listener=false peer=false name=com.apple.fontservicesd
2026-08-25 15:07:12.103 Df quickapp_ios_simulator[40452:de333e] ios.ui.button.created surface=srf:1 node=node:6 text=<pending>
2026-08-25 15:07:12.103 Df quickapp_ios_simulator[40452:de333e] ios.ui.button.layout surface=srf:1 node=node:6 frame=<20.0,140.0,250.0,42.0> text=提示 enabled=1
2026-08-25 15:07:12.104 Df quickapp_ios_simulator[40452:de333e] ios.ui.button.created surface=srf:1 node=node:7 text=<pending>
2026-08-25 15:07:12.104 Df quickapp_ios_simulator[40452:de333e] ios.ui.button.layout surface=srf:1 node=node:7 frame=<20.0,196.0,250.0,42.0> text=读取本地状态 enabled=1
2026-08-25 15:07:12.104 Df quickapp_ios_simulator[40452:de333e] ios.ui.button.created surface=srf:1 node=node:8 text=<pending>
2026-08-25 15:07:12.104 Df quickapp_ios_simulator[40452:de333e] ios.ui.button.layout surface=srf:1 node=node:8 frame=<20.0,252.0,250.0,42.0> text=请求本地数据 enabled=1
2026-08-25 15:07:12.104 Df quickapp_ios_simulator[40452:de333e] ios.ui.mount.result surface=srf:1 revision=0 operations=51 mounted=1
2026-08-25 15:07:12.112 Df quickapp_ios_simulator[40452:de333e] [PrototypeTools:domain] Not observing PTDefaults on customer install.
2026-08-25 15:07:12.124 Df quickapp_ios_simulator[40452:de333e] ios.ui.surface.present target=srf:1 hidden=0 subviews=1
2026-08-25 15:07:12.135 A  quickapp_ios_simulator[40452:de3345] (RunningBoardServices) didChangeInheritances
2026-08-25 15:07:12.165 Df quickapp_ios_simulator[40452:de333e] [com.apple.network:activity] <nw_activity 50:1 [5AD03A9C-F45A-410F-9FC6-934CED6374A7] (global parent) (reporting strategy default) complete (reason success)> complete with reason 2 (success), duration 878ms
2026-08-25 15:07:12.165 Df quickapp_ios_simulator[40452:de333e] [com.apple.network:activity] <nw_activity 50:2 [2EF956A7-3069-4D3B-B8BA-478EC5E37E3C] (reporting strategy default) complete (reason success)> complete with reason 2 (success), duration 878ms
2026-08-25 15:07:12.165 Df quickapp_ios_simulator[40452:de333e] [com.apple.network:activity] Unsetting the global parent activity <nw_activity 50:1 [5AD03A9C-F45A-410F-9FC6-934CED6374A7] (global parent) (reporting strategy default) complete (reason success)>
2026-08-25 15:07:12.165 Df quickapp_ios_simulator[40452:de333e] [com.apple.network:activity] Unset the global parent activity
2026-08-25 15:07:12.165 Df quickapp_ios_simulator[40452:de333e] [com.apple.app_launch_measurement:ApplicationLaunch] alm_release_pageins_recording_assertion: releasing pageins recording assertion
2026-08-25 15:07:12.483 Df quickapp_ios_simulator[40452:de3347] [com.apple.UIKit:BackgroundTask] Ending background task with UIBackgroundTaskIdentifier: 2
2026-08-25 15:07:12.483 Df quickapp_ios_simulator[40452:de3347] [com.apple.UIKit:BackgroundTask] Ending task with identifier 2 and description: <_UIBackgroundTaskInfo: 0x106495d80>: taskID = 2, taskName = Persistent SceneSession Map Update, creationTime = 881328 (elapsed = 0), _expireHandler: <__NSGlobalBlock__: 0x1e78c84e8>
2026-08-25 15:07:12.483 Df quickapp_ios_simulator[40452:de3347] [com.apple.UIKit:BackgroundTask] Decrementing reference count for assertion <BKSProcessAssertion: 0x1024e26e0> (used by background task with identifier 2: <_UIBackgroundTaskInfo: 0x106495d80>: taskID = 2, taskName = Persistent SceneSession Map Update, creationTime = 881328 (elapsed = 0))
2026-08-25 15:07:12.484 Df quickapp_ios_simulator[40452:de3347] [com.apple.UIKit:BackgroundTask] Will invalidate assertion: <BKSProcessAssertion: 0x1024e26e0> for task identifier: 2
2026-08-25 15:07:12.584 A  quickapp_ios_simulator[40452:de3348] (RunningBoardServices) didChangeInheritances
2026-08-25 15:07:12.917 Df quickapp_ios_simulator[40452:de333e] [com.apple.BackBoard:Display] [FBSDisplaySource 1-1] silently connecting raw configuration: <FBSDisplayConfiguration: 0x102cec900; Main; mode: "402x874@3x 60Hz p3 SDR">
2026-08-25 15:07:13.101 Df quickapp_ios_simulator[40452:de333e] ios.feature.probe.queued module=file method=read accepted=1
2026-08-25 15:07:13.101 Df quickapp_ios_simulator[40452:de3351] ios.feature.provider.invoke module=4 method=6 request=req:j-700000
2026-08-25 15:07:13.101 Df quickapp_ios_simulator[40452:de3351] ios.feature.provider.result request=req:j-700000 surface=srf:1 status=completed
