ios.feature.result request=req:j-700000 surface=srf:1 status=unsupported
ios.probe.mount surface=srf:1 revision=0 operations=51 mode=0
ios.probe.mount.op=CreateHost node=node:1
ios.probe.mount.op=SetHostProp node=node:1 name=backgroundColor
ios.probe.mount.op=SetHostLayout node=node:1 rect=<0.0,0.0,390.0,844.0>
ios.probe.mount.op=CreateHost node=node:2
ios.probe.mount.op=SetHostProp node=node:2 name=text
ios.probe.mount.op=SetHostProp node=node:2 name=color
ios.probe.mount.op=SetHostProp node=node:2 name=fontSize
ios.probe.mount.op=SetHostLayout node=node:2 rect=<20.0,20.0,350.0,15.0>
ios.probe.mount.op=CreateHost node=node:3
ios.probe.mount.op=SetHostProp node=node:3 name=text
ios.probe.mount.op=SetHostProp node=node:3 name=color
ios.probe.mount.op=SetHostProp node=node:3 name=fontSize
ios.probe.mount.op=SetHostLayout node=node:3 rect=<20.0,43.0,350.0,35.0>
ios.probe.mount.op=CreateHost node=node:4
ios.probe.mount.op=SetHostProp node=node:4 name=text
ios.probe.mount.op=SetHostProp node=node:4 name=color
ios.probe.mount.op=SetHostProp node=node:4 name=fontSize
ios.probe.mount.op=SetHostLayout node=node:4 rect=<20.0,86.0,350.0,18.0>
ios.probe.mount.op=CreateHost node=node:5
ios.probe.mount.op=SetHostProp node=node:5 name=text
ios.probe.mount.op=SetHostProp node=node:5 name=color
ios.probe.mount.op=SetHostProp node=node:5 name=fontSize
ios.probe.mount.op=SetHostLayout node=node:5 rect=<20.0,111.0,350.0,18.0>
ios.probe.mount.op=CreateHost node=node:6
ios.probe.mount.op=SetHostProp node=node:6 name=enabled
ios.probe.mount.op=SetHostProp node=node:6 name=text
ios.probe.mount.op=SetHostProp node=node:6 name=backgroundColor
ios.probe.mount.op=SetHostProp node=node:6 name=borderRadius
ios.probe.mount.op=SetHostProp node=node:6 name=color
ios.probe.mount.op=SetHostLayout node=node:6 rect=<20.0,140.0,250.0,42.0>
ios.probe.mount.op=CreateHost node=node:7
ios.probe.mount.op=SetHostProp node=node:7 name=enabled
ios.probe.mount.op=SetHostProp node=node:7 name=text
ios.probe.mount.op=SetHostProp node=node:7 name=backgroundColor
ios.probe.mount.op=SetHostProp node=node:7 name=borderRadius
ios.probe.mount.op=SetHostProp node=node:7 name=color
ios.probe.mount.op=SetHostLayout node=node:7 rect=<20.0,196.0,250.0,42.0>
ios.probe.mount.op=CreateHost node=node:8
ios.probe.mount.op=SetHostProp node=node:8 name=enabled
ios.probe.mount.op=SetHostProp node=node:8 name=text
ios.probe.mount.op=SetHostProp node=node:8 name=backgroundColor
ios.probe.mount.op=SetHostProp node=node:8 name=borderRadius
ios.probe.mount.op=SetHostProp node=node:8 name=color
ios.probe.mount.op=SetHostLayout node=node:8 rect=<20.0,252.0,250.0,42.0>
ios.probe.mount.op=InsertHostChild node=node:2 parent=node:1
ios.probe.mount.op=InsertHostChild node=node:3 parent=node:1
ios.probe.mount.op=InsertHostChild node=node:4 parent=node:1
ios.probe.mount.op=InsertHostChild node=node:5 parent=node:1
ios.probe.mount.op=InsertHostChild node=node:6 parent=node:1
ios.probe.mount.op=InsertHostChild node=node:7 parent=node:1
ios.probe.mount.op=InsertHostChild node=node:8 parent=node:1
ios.probe.first surfaces=1 nodes=8 handlers=3 jsResources=3
ios.probe.feature.queued module=prompt method=confirm accepted=1
ios.probe.after_event type=feature surfaces=1 nodes=8 handlers=3 jsResources=3
ios.probe.runtime.stopped surfaces=0 nodes=0 handlers=0 pendingCallbacks=0 jsResources=0 coreQueue=0
